

================================================================
== Vitis HLS Report for 'fftStage'
================================================================
* Date:           Mon Nov 28 17:13:15 2022

* Version:        2021.1 (Build 3247384 on Thu Jun 10 19:36:07 MDT 2021)
* Project:        project
* Solution:       solution1 (Vivado IP Flow Target)
* Product family: zynquplus
* Target device:  xck26-sfvc784-2LV-c


================================================================
== Performance Estimates
================================================================
+ Timing: 
    * Summary: 
    +--------+----------+----------+------------+
    |  Clock |  Target  | Estimated| Uncertainty|
    +--------+----------+----------+------------+
    |ap_clk  |  20.00 ns|  4.465 ns|     5.40 ns|
    +--------+----------+----------+------------+

+ Latency: 
    * Summary: 
    +---------+---------+----------+----------+-----+-----+----------+
    |  Latency (cycles) |  Latency (absolute) |  Interval | Pipeline |
    |   min   |   max   |    min   |    max   | min | max |   Type   |
    +---------+---------+----------+----------+-----+-----+----------+
    |        ?|        ?|         ?|         ?|    ?|    ?|  dataflow|
    +---------+---------+----------+----------+-----+-----+----------+

    + Detail: 
        * Instance: 
        +-------------------------------------------------------------------------------------------------------------------------------------------------------------------------------+------------------------------------------------------------------------------------------------------------------------------------------------------------------------------+---------+---------+----------+----------+-----+-----+------------------------------------------+
        |                                                                                                                                                                               |                                                                                                                                                                              |  Latency (cycles) |  Latency (absolute) |  Interval |                 Pipeline                 |
        |                                                                                    Instance                                                                                   |                                                                                    Module                                                                                    |   min   |   max   |    min   |    max   | min | max |                   Type                   |
        +-------------------------------------------------------------------------------------------------------------------------------------------------------------------------------+------------------------------------------------------------------------------------------------------------------------------------------------------------------------------+---------+---------+----------+----------+-----+-----+------------------------------------------+
        |fftStageKernelS2S_64_2_1_0_0_6_complex_ap_fixed_24_9_5_3_0_complex_ap_fixed_16_3_5_3_0_complex_ap_fixed_16_3_5_3_0_complex_ap_fixed_22_7_5_3_0_complex_ap_fixed_24_9_5_3_0_U0  |fftStageKernelS2S_64_2_1_0_0_6_complex_ap_fixed_24_9_5_3_0_complex_ap_fixed_16_3_5_3_0_complex_ap_fixed_16_3_5_3_0_complex_ap_fixed_22_7_5_3_0_complex_ap_fixed_24_9_5_3_0_s  |        ?|        ?|         ?|         ?|    0|    0|  loop rewind stp(delay=0 clock cycles(s))|
        |streamingDataCommutor_complex_ap_fixed_24_9_5_3_0_U0                                                                                                                           |streamingDataCommutor_complex_ap_fixed_24_9_5_3_0_s                                                                                                                           |       65|       66|  1.300 us|  1.320 us|   64|   64|  loop rewind stp(delay=0 clock cycles(s))|
        |fftStage_1_U0                                                                                                                                                                  |fftStage_1                                                                                                                                                                    |        ?|        ?|         ?|         ?|    ?|    ?|                                  dataflow|
        +-------------------------------------------------------------------------------------------------------------------------------------------------------------------------------+------------------------------------------------------------------------------------------------------------------------------------------------------------------------------+---------+---------+----------+----------+-----+-----+------------------------------------------+

        * Loop: 
        N/A



================================================================
== Utilization Estimates
================================================================
* Summary: 
+-----------------+---------+------+--------+--------+-----+
|       Name      | BRAM_18K|  DSP |   FF   |   LUT  | URAM|
+-----------------+---------+------+--------+--------+-----+
|DSP              |        -|     -|       -|       -|    -|
|Expression       |        -|     -|       0|       6|    -|
|FIFO             |        -|     -|     198|     132|    -|
|Instance         |        0|    20|    6084|    8318|    0|
|Memory           |        -|     -|       -|       -|    -|
|Multiplexer      |        -|     -|       -|       -|    -|
|Register         |        -|     -|       2|       -|    -|
+-----------------+---------+------+--------+--------+-----+
|Total            |        0|    20|    6284|    8456|    0|
+-----------------+---------+------+--------+--------+-----+
|Available        |      288|  1248|  234240|  117120|   64|
+-----------------+---------+------+--------+--------+-----+
|Utilization (%)  |        0|     1|       2|       7|    0|
+-----------------+---------+------+--------+--------+-----+

+ Detail: 
    * Instance: 
    +-------------------------------------------------------------------------------------------------------------------------------------------------------------------------------+------------------------------------------------------------------------------------------------------------------------------------------------------------------------------+---------+----+------+------+-----+
    |                                                                                    Instance                                                                                   |                                                                                    Module                                                                                    | BRAM_18K| DSP|  FF  |  LUT | URAM|
    +-------------------------------------------------------------------------------------------------------------------------------------------------------------------------------+------------------------------------------------------------------------------------------------------------------------------------------------------------------------------+---------+----+------+------+-----+
    |fftStageKernelS2S_64_2_1_0_0_6_complex_ap_fixed_24_9_5_3_0_complex_ap_fixed_16_3_5_3_0_complex_ap_fixed_16_3_5_3_0_complex_ap_fixed_22_7_5_3_0_complex_ap_fixed_24_9_5_3_0_U0  |fftStageKernelS2S_64_2_1_0_0_6_complex_ap_fixed_24_9_5_3_0_complex_ap_fixed_16_3_5_3_0_complex_ap_fixed_16_3_5_3_0_complex_ap_fixed_22_7_5_3_0_complex_ap_fixed_24_9_5_3_0_s  |        0|   4|   497|   794|    0|
    |fftStage_1_U0                                                                                                                                                                  |fftStage_1                                                                                                                                                                    |        0|  16|  5166|  7078|    0|
    |streamingDataCommutor_complex_ap_fixed_24_9_5_3_0_U0                                                                                                                           |streamingDataCommutor_complex_ap_fixed_24_9_5_3_0_s                                                                                                                           |        0|   0|   421|   446|    0|
    +-------------------------------------------------------------------------------------------------------------------------------------------------------------------------------+------------------------------------------------------------------------------------------------------------------------------------------------------------------------------+---------+----+------+------+-----+
    |Total                                                                                                                                                                          |                                                                                                                                                                              |        0|  20|  6084|  8318|    0|
    +-------------------------------------------------------------------------------------------------------------------------------------------------------------------------------+------------------------------------------------------------------------------------------------------------------------------------------------------------------------------+---------+----+------+------+-----+

    * DSP: 
    N/A

    * Memory: 
    N/A

    * FIFO: 
    +---------------------+---------+----+----+-----+------+-----+---------+
    |         Name        | BRAM_18K| FF | LUT| URAM| Depth| Bits| Size:D*B|
    +---------------------+---------+----+----+-----+------+-----+---------+
    |fftOutData_local2_U  |        0|  99|   0|    -|     8|  128|     1024|
    |fftOutData_local_U   |        0|  99|   0|    -|     8|  128|     1024|
    +---------------------+---------+----+----+-----+------+-----+---------+
    |Total                |        0| 198|   0|    0|    16|  256|     2048|
    +---------------------+---------+----+----+-----+------+-----+---------+

    * Expression: 
    +---------------------------------------------------------------+----------+----+---+----+------------+------------+
    |                         Variable Name                         | Operation| DSP| FF| LUT| Bitwidth P0| Bitwidth P1|
    +---------------------------------------------------------------+----------+----+---+----+------------+------------+
    |ap_idle                                                        |       and|   0|  0|   2|           1|           1|
    |fftStage_1_U0_ap_start                                         |        or|   0|  0|   2|           1|           1|
    |streamingDataCommutor_complex_ap_fixed_24_9_5_3_0_U0_ap_start  |        or|   0|  0|   2|           1|           1|
    +---------------------------------------------------------------+----------+----+---+----+------------+------------+
    |Total                                                          |          |   0|  0|   6|           3|           3|
    +---------------------------------------------------------------+----------+----+---+----+------------+------------+

    * Multiplexer: 
    N/A

    * Register: 
    +---------------------------------------------------------------------------+---+----+-----+-----------+
    |                                    Name                                   | FF| LUT| Bits| Const Bits|
    +---------------------------------------------------------------------------+---+----+-----+-----------+
    |ap_sync_reg_fftStage_1_U0_ap_start                                         |  1|   0|    1|          0|
    |ap_sync_reg_streamingDataCommutor_complex_ap_fixed_24_9_5_3_0_U0_ap_start  |  1|   0|    1|          0|
    +---------------------------------------------------------------------------+---+----+-----+-----------+
    |Total                                                                      |  2|   0|    2|          0|
    +---------------------------------------------------------------------------+---+----+-----+-----------+



================================================================
== Interface
================================================================
* Summary: 
+--------------------------------+-----+-----+------------+-------------------------+--------------+
|            RTL Ports           | Dir | Bits|  Protocol  |      Source Object      |    C Type    |
+--------------------------------+-----+-----+------------+-------------------------+--------------+
|p_fftInData_reOrdered_dout      |   in|  128|     ap_fifo|    p_fftInData_reOrdered|       pointer|
|p_fftInData_reOrdered_empty_n   |   in|    1|     ap_fifo|    p_fftInData_reOrdered|       pointer|
|p_fftInData_reOrdered_read      |  out|    1|     ap_fifo|    p_fftInData_reOrdered|       pointer|
|p_fftOutData_0_0_0_0_0_din      |  out|   27|     ap_fifo|   p_fftOutData_0_0_0_0_0|       pointer|
|p_fftOutData_0_0_0_0_0_full_n   |   in|    1|     ap_fifo|   p_fftOutData_0_0_0_0_0|       pointer|
|p_fftOutData_0_0_0_0_0_write    |  out|    1|     ap_fifo|   p_fftOutData_0_0_0_0_0|       pointer|
|p_fftOutData_0_0_0_0_01_din     |  out|   27|     ap_fifo|  p_fftOutData_0_0_0_0_01|       pointer|
|p_fftOutData_0_0_0_0_01_full_n  |   in|    1|     ap_fifo|  p_fftOutData_0_0_0_0_01|       pointer|
|p_fftOutData_0_0_0_0_01_write   |  out|    1|     ap_fifo|  p_fftOutData_0_0_0_0_01|       pointer|
|p_fftOutData_0_1_0_0_0_din      |  out|   27|     ap_fifo|   p_fftOutData_0_1_0_0_0|       pointer|
|p_fftOutData_0_1_0_0_0_full_n   |   in|    1|     ap_fifo|   p_fftOutData_0_1_0_0_0|       pointer|
|p_fftOutData_0_1_0_0_0_write    |  out|    1|     ap_fifo|   p_fftOutData_0_1_0_0_0|       pointer|
|p_fftOutData_0_1_0_0_02_din     |  out|   27|     ap_fifo|  p_fftOutData_0_1_0_0_02|       pointer|
|p_fftOutData_0_1_0_0_02_full_n  |   in|    1|     ap_fifo|  p_fftOutData_0_1_0_0_02|       pointer|
|p_fftOutData_0_1_0_0_02_write   |  out|    1|     ap_fifo|  p_fftOutData_0_1_0_0_02|       pointer|
|ap_clk                          |   in|    1|  ap_ctrl_hs|                 fftStage|  return value|
|ap_rst                          |   in|    1|  ap_ctrl_hs|                 fftStage|  return value|
|ap_start                        |   in|    1|  ap_ctrl_hs|                 fftStage|  return value|
|ap_done                         |  out|    1|  ap_ctrl_hs|                 fftStage|  return value|
|ap_ready                        |  out|    1|  ap_ctrl_hs|                 fftStage|  return value|
|ap_idle                         |  out|    1|  ap_ctrl_hs|                 fftStage|  return value|
|ap_continue                     |   in|    1|  ap_ctrl_hs|                 fftStage|  return value|
+--------------------------------+-----+-----+------------+-------------------------+--------------+

