

================================================================
== Vitis HLS Report for 'fftStageKernelS2S_64_2_1_1_0_2_complex_ap_fixed_27_13_5_3_0_complex_ap_fixed_16_3_5_3_0_complex_ap_fixed_16_3_5_3_0_complex_ap_fixed_27_12_5_3_0_complex_ap_fixed_27_13_5_3_0_s'
================================================================
* Date:           Mon Nov 28 16:40:15 2022

* Version:        2021.1 (Build 3247384 on Thu Jun 10 19:36:07 MDT 2021)
* Project:        project
* Solution:       solution1 (Vivado IP Flow Target)
* Product family: zynquplus
* Target device:  xck26-sfvc784-2LV-c


================================================================
== Performance Estimates
================================================================
+ Timing: 
    * Summary: 
    +--------+----------+----------+------------+
    |  Clock |  Target  | Estimated| Uncertainty|
    +--------+----------+----------+------------+
    |ap_clk  |  20.00 ns|  4.465 ns|     5.40 ns|
    +--------+----------+----------+------------+

+ Latency: 
    * Summary: 
    +---------+---------+----------+----------+-----+-----+---------+
    |  Latency (cycles) |  Latency (absolute) |  Interval | Pipeline|
    |   min   |   max   |    min   |    max   | min | max |   Type  |
    +---------+---------+----------+----------+-----+-----+---------+
    |        ?|        ?|         ?|         ?|    ?|    ?|       no|
    +---------+---------+----------+----------+-----+-----+---------+

    + Detail: 
        * Instance: 
        N/A

        * Loop: 
        +-----------------+---------+---------+----------+-----------+-----------+------+----------+
        |                 |  Latency (cycles) | Iteration|  Initiation Interval  | Trip |          |
        |    Loop Name    |   min   |   max   |  Latency |  achieved |   target  | Count| Pipelined|
        +-----------------+---------+---------+----------+-----------+-----------+------+----------+
        |- L_FFTs_LOOP    |        ?|        ?|         ?|          -|          -|    16|        no|
        | + L_BFLYs_LOOP  |        ?|        ?|         4|          1|          1|     ?|       yes|
        +-----------------+---------+---------+----------+-----------+-----------+------+----------+



================================================================
== Utilization Estimates
================================================================
* Summary: 
+-----------------+---------+------+--------+--------+-----+
|       Name      | BRAM_18K|  DSP |   FF   |   LUT  | URAM|
+-----------------+---------+------+--------+--------+-----+
|DSP              |        -|     4|       -|       -|    -|
|Expression       |        -|     -|       0|     567|    -|
|FIFO             |        -|     -|       -|       -|    -|
|Instance         |        -|     -|       -|       -|    -|
|Memory           |        -|     -|       -|       -|    -|
|Multiplexer      |        -|     -|       -|     103|    -|
|Register         |        -|     -|     327|      96|    -|
+-----------------+---------+------+--------+--------+-----+
|Total            |        0|     4|     327|     766|    0|
+-----------------+---------+------+--------+--------+-----+
|Available        |      288|  1248|  234240|  117120|   64|
+-----------------+---------+------+--------+--------+-----+
|Utilization (%)  |        0|    ~0|      ~0|      ~0|    0|
+-----------------+---------+------+--------+--------+-----+

+ Detail: 
    * Instance: 
    N/A

    * DSP: 
    +-----------------------------+------------------------+-----------+
    |           Instance          |         Module         | Expression|
    +-----------------------------+------------------------+-----------+
    |mul_mul_26s_15s_40_4_1_U100  |mul_mul_26s_15s_40_4_1  |    i0 * i1|
    |mul_mul_26s_15s_40_4_1_U101  |mul_mul_26s_15s_40_4_1  |    i0 * i1|
    |mul_mul_26s_15s_40_4_1_U102  |mul_mul_26s_15s_40_4_1  |    i0 * i1|
    |mul_mul_26s_15s_40_4_1_U103  |mul_mul_26s_15s_40_4_1  |    i0 * i1|
    +-----------------------------+------------------------+-----------+

    * Memory: 
    N/A

    * FIFO: 
    N/A

    * Expression: 
    +--------------------------------------------+----------+----+---+----+------------+------------+
    |                Variable Name               | Operation| DSP| FF| LUT| Bitwidth P0| Bitwidth P1|
    +--------------------------------------------+----------+----+---+----+------------+------------+
    |add_ln712_17_fu_219_p2                      |         +|   0|  0|  34|          27|          27|
    |add_ln712_18_fu_293_p2                      |         +|   0|  0|  34|          27|          27|
    |add_ln712_19_fu_299_p2                      |         +|   0|  0|  34|          27|          27|
    |add_ln712_fu_213_p2                         |         +|   0|  0|  34|          27|          27|
    |f_fu_166_p2                                 |         +|   0|  0|  12|           4|           1|
    |imag_out_V_fu_526_p2                        |         +|   0|  0|  34|          27|          27|
    |index_cos_V_fu_337_p2                       |         +|   0|  0|  13|           6|           6|
    |k_7_fu_172_p2                               |         +|   0|  0|  39|          32|           2|
    |k_fu_459_p2                                 |         +|   0|  0|  39|          32|           1|
    |r_V_23_fu_277_p2                            |         -|   0|  0|  47|           1|          40|
    |r_V_fu_253_p2                               |         -|   0|  0|  47|           1|          40|
    |real_out_V_fu_502_p2                        |         -|   0|  0|  34|          27|          27|
    |ap_block_state3_pp0_stage0_iter0            |       and|   0|  0|   2|           1|           1|
    |ap_block_state6_pp0_stage0_iter3            |       and|   0|  0|   2|           1|           1|
    |tmp_nbreadreq_fu_112_p3                     |       and|   0|  0|   2|           1|           0|
    |icmp_ln1049_13_fu_357_p2                    |      icmp|   0|  0|   8|           2|           2|
    |icmp_ln1049_14_fu_401_p2                    |      icmp|   0|  0|  10|           6|           5|
    |icmp_ln1049_15_fu_407_p2                    |      icmp|   0|  0|   8|           2|           1|
    |icmp_ln1049_fu_351_p2                       |      icmp|   0|  0|   8|           2|           1|
    |icmp_ln149_fu_560_p2                        |      icmp|   0|  0|   9|           4|           2|
    |icmp_ln151_fu_475_p2                        |      icmp|   0|  0|  19|          31|           1|
    |ap_block_pp0_stage0_01001                   |        or|   0|  0|   2|           1|           1|
    |ap_block_state1                             |        or|   0|  0|   2|           1|           1|
    |output_saturation_control_imag_fu_363_p2    |        or|   0|  0|   2|           1|           1|
    |output_saturation_control_real_V_fu_413_p2  |        or|   0|  0|   2|           1|           1|
    |p_Val2_s_fu_435_p3                          |    select|   0|  0|  15|           1|          15|
    |select_ln172_1_fu_377_p3                    |    select|   0|  0|  14|           1|          14|
    |select_ln172_fu_369_p3                      |    select|   0|  0|  15|           1|          15|
    |select_ln188_fu_427_p3                      |    select|   0|  0|  14|           1|          14|
    |select_ln755_fu_419_p3                      |    select|   0|  0|  15|           1|          15|
    |temp_out_sin_V_fu_385_p3                    |    select|   0|  0|  15|           1|          15|
    |ap_enable_pp0                               |       xor|   0|  0|   2|           1|           2|
    +--------------------------------------------+----------+----+---+----+------------+------------+
    |Total                                       |          |   0|  0| 567|         299|         360|
    +--------------------------------------------+----------+----+---+----+------------+------------+

    * Multiplexer: 
    +------------------------------+----+-----------+-----+-----------+
    |             Name             | LUT| Input Size| Bits| Total Bits|
    +------------------------------+----+-----------+-----+-----------+
    |ap_NS_fsm                     |  26|          5|    1|          5|
    |ap_done                       |   9|          2|    1|          2|
    |ap_enable_reg_pp0_iter3       |   9|          2|    1|          2|
    |ap_phi_mux_k1_phi_fu_149_p4   |   9|          2|   32|         64|
    |ap_phi_mux_k_1_phi_fu_159_p4  |  14|          3|   32|         96|
    |f_032_reg_133                 |   9|          2|    4|          8|
    |fftOutData_local2_blk_n       |   9|          2|    1|          2|
    |fftOutData_local_blk_n        |   9|          2|    1|          2|
    |k1_reg_145                    |   9|          2|   32|         64|
    +------------------------------+----+-----------+-----+-----------+
    |Total                         | 103|         22|  105|        245|
    +------------------------------+----+-----------+-----+-----------+

    * Register: 
    +-------------------------------------+----+----+-----+-----------+
    |                 Name                | FF | LUT| Bits| Const Bits|
    +-------------------------------------+----+----+-----+-----------+
    |ap_CS_fsm                            |   4|   0|    4|          0|
    |ap_done_reg                          |   1|   0|    1|          0|
    |ap_enable_reg_pp0_iter0              |   1|   0|    1|          0|
    |ap_enable_reg_pp0_iter1              |   1|   0|    1|          0|
    |ap_enable_reg_pp0_iter2              |   1|   0|    1|          0|
    |ap_enable_reg_pp0_iter3              |   1|   0|    1|          0|
    |bflyOutData_M_imag_V_0_reg_608       |  26|   0|   26|          0|
    |complexExpMulOut_M_real_V_0_reg_603  |  26|   0|   26|          0|
    |f_032_reg_133                        |   4|   0|    4|          0|
    |f_reg_594                            |   4|   0|    4|          0|
    |icmp_ln151_reg_642                   |   1|   0|    1|          0|
    |k1_reg_145                           |  32|   0|   32|          0|
    |k_reg_637                            |  32|   0|   32|          0|
    |tmp_reg_599                          |   1|   0|    1|          0|
    |bflyOutData_M_imag_V_0_reg_608       |  64|  32|   26|          0|
    |complexExpMulOut_M_real_V_0_reg_603  |  64|  32|   26|          0|
    |tmp_reg_599                          |  64|  32|    1|          0|
    +-------------------------------------+----+----+-----+-----------+
    |Total                                | 327|  96|  188|          0|
    +-------------------------------------+----+----+-----+-----------+



================================================================
== Interface
================================================================
* Summary: 
+---------------------------+-----+-----+------------+------------------------------------------------------------------------------------------------------------------------------------------------------------------------------------------------------------------------------+--------------+
|         RTL Ports         | Dir | Bits|  Protocol  |                                                                                                         Source Object                                                                                                        |    C Type    |
+---------------------------+-----+-----+------------+------------------------------------------------------------------------------------------------------------------------------------------------------------------------------------------------------------------------------+--------------+
|ap_clk                     |   in|    1|  ap_ctrl_hs|  fftStageKernelS2S<64, 2, 1, 1, 0, 2, complex<ap_fixed<27, 13, 5, 3, 0> >, complex<ap_fixed<16, 3, 5, 3, 0> >, complex<ap_fixed<16, 3, 5, 3, 0> >, complex<ap_fixed<27, 12, 5, 3, 0> >, complex<ap_fixed<27, 13, 5, 3, 0> > >|  return value|
|ap_rst                     |   in|    1|  ap_ctrl_hs|  fftStageKernelS2S<64, 2, 1, 1, 0, 2, complex<ap_fixed<27, 13, 5, 3, 0> >, complex<ap_fixed<16, 3, 5, 3, 0> >, complex<ap_fixed<16, 3, 5, 3, 0> >, complex<ap_fixed<27, 12, 5, 3, 0> >, complex<ap_fixed<27, 13, 5, 3, 0> > >|  return value|
|ap_start                   |   in|    1|  ap_ctrl_hs|  fftStageKernelS2S<64, 2, 1, 1, 0, 2, complex<ap_fixed<27, 13, 5, 3, 0> >, complex<ap_fixed<16, 3, 5, 3, 0> >, complex<ap_fixed<16, 3, 5, 3, 0> >, complex<ap_fixed<27, 12, 5, 3, 0> >, complex<ap_fixed<27, 13, 5, 3, 0> > >|  return value|
|ap_done                    |  out|    1|  ap_ctrl_hs|  fftStageKernelS2S<64, 2, 1, 1, 0, 2, complex<ap_fixed<27, 13, 5, 3, 0> >, complex<ap_fixed<16, 3, 5, 3, 0> >, complex<ap_fixed<16, 3, 5, 3, 0> >, complex<ap_fixed<27, 12, 5, 3, 0> >, complex<ap_fixed<27, 13, 5, 3, 0> > >|  return value|
|ap_continue                |   in|    1|  ap_ctrl_hs|  fftStageKernelS2S<64, 2, 1, 1, 0, 2, complex<ap_fixed<27, 13, 5, 3, 0> >, complex<ap_fixed<16, 3, 5, 3, 0> >, complex<ap_fixed<16, 3, 5, 3, 0> >, complex<ap_fixed<27, 12, 5, 3, 0> >, complex<ap_fixed<27, 13, 5, 3, 0> > >|  return value|
|ap_idle                    |  out|    1|  ap_ctrl_hs|  fftStageKernelS2S<64, 2, 1, 1, 0, 2, complex<ap_fixed<27, 13, 5, 3, 0> >, complex<ap_fixed<16, 3, 5, 3, 0> >, complex<ap_fixed<16, 3, 5, 3, 0> >, complex<ap_fixed<27, 12, 5, 3, 0> >, complex<ap_fixed<27, 13, 5, 3, 0> > >|  return value|
|ap_ready                   |  out|    1|  ap_ctrl_hs|  fftStageKernelS2S<64, 2, 1, 1, 0, 2, complex<ap_fixed<27, 13, 5, 3, 0> >, complex<ap_fixed<16, 3, 5, 3, 0> >, complex<ap_fixed<16, 3, 5, 3, 0> >, complex<ap_fixed<27, 12, 5, 3, 0> >, complex<ap_fixed<27, 13, 5, 3, 0> > >|  return value|
|fftOutData_local2_dout     |   in|  128|     ap_fifo|                                                                                                                                                                                                             fftOutData_local2|       pointer|
|fftOutData_local2_empty_n  |   in|    1|     ap_fifo|                                                                                                                                                                                                             fftOutData_local2|       pointer|
|fftOutData_local2_read     |  out|    1|     ap_fifo|                                                                                                                                                                                                             fftOutData_local2|       pointer|
|fftOutData_local_din       |  out|  128|     ap_fifo|                                                                                                                                                                                                              fftOutData_local|       pointer|
|fftOutData_local_full_n    |   in|    1|     ap_fifo|                                                                                                                                                                                                              fftOutData_local|       pointer|
|fftOutData_local_write     |  out|    1|     ap_fifo|                                                                                                                                                                                                              fftOutData_local|       pointer|
+---------------------------+-----+-----+------------+------------------------------------------------------------------------------------------------------------------------------------------------------------------------------------------------------------------------------+--------------+

