

================================================================
== Vitis HLS Report for 'pow_generic_double_s'
================================================================
* Date:           Wed Sep 14 20:24:04 2022

* Version:        2021.1 (Build 3247384 on Thu Jun 10 19:36:07 MDT 2021)
* Project:        project
* Solution:       solution1 (Vivado IP Flow Target)
* Product family: zynquplus
* Target device:  xck26-sfvc784-2LV-c


================================================================
== Performance Estimates
================================================================
+ Timing: 
    * Summary: 
    +--------+----------+-----------+------------+
    |  Clock |  Target  | Estimated | Uncertainty|
    +--------+----------+-----------+------------+
    |ap_clk  |  20.00 ns|  14.080 ns|     5.40 ns|
    +--------+----------+-----------+------------+

+ Latency: 
    * Summary: 
    +---------+---------+----------+----------+-----+-----+---------+
    |  Latency (cycles) |  Latency (absolute) |  Interval | Pipeline|
    |   min   |   max   |    min   |    max   | min | max |   Type  |
    +---------+---------+----------+----------+-----+-----+---------+
    |        5|        5|  0.100 us|  0.100 us|    1|    1|      yes|
    +---------+---------+----------+----------+-----+-----+---------+

    + Detail: 
        * Instance: 
        N/A

        * Loop: 
        N/A

============================================================
+ Verbose Summary: Synthesis Manager
============================================================
InlineROM: 1
ExposeGlobal: 0
============================================================
+ Verbose Summary: CDFG Model
============================================================
IsTopModel: 0
ResetActiveHigh: 1
IsCombinational: 0
IsDatapathOnly: 0
HasWiredReturn: 1
HasMFsm: 2
HasVarLatency: 0
IsPipeline: 1
IsRtlPipelined: 1
IsInstanceOverlapped: 0
IsDontTouch: 0
HasImplIP: 0
IsGatedGlobalClock: 0

+ Individual pipeline summary: 
  * Pipeline-0: initiation interval (II) = 1, depth = 6


============================================================
+ Verbose Summary: Schedule
============================================================
* Number of FSM states : 6
* Pipeline : 1
  Pipeline-0 : II = 1, D = 6, States = { 1 2 3 4 5 6 }
* Dataflow Pipeline: 0

* FSM state transitions: 
1 --> 2 
2 --> 3 
3 --> 4 
4 --> 5 
5 --> 6 
6 --> 

* FSM state operations: 

State 1 <SV = 0> <Delay = 10.2>
ST_1 : Operation 7 [1/1] (0.00ns)   --->   "%exp_read = read i64 @_ssdm_op_Read.ap_auto.double, i64 %exp" [/wrk/ci/prod/2021.1/rdi_builds/continuous/2021_06_10_3247384/src/shared/hls/clib/src/hls/utils/x_hls_utils.h:483]   --->   Operation 7 'read' 'exp_read' <Predicate = true> <Delay = 0.00>
ST_1 : Operation 8 [1/1] (0.00ns)   --->   "%data_V = bitcast i64 %exp_read" [/wrk/ci/prod/2021.1/rdi_builds/continuous/2021_06_10_3247384/src/shared/hls/clib/src/hls/utils/x_hls_utils.h:483]   --->   Operation 8 'bitcast' 'data_V' <Predicate = true> <Delay = 0.00>
ST_1 : Operation 9 [1/1] (0.00ns)   --->   "%p_Result_16 = bitselect i1 @_ssdm_op_BitSelect.i1.i64.i32, i64 %data_V, i32 63"   --->   Operation 9 'bitselect' 'p_Result_16' <Predicate = true> <Delay = 0.00>
ST_1 : Operation 10 [1/1] (0.00ns)   --->   "%tmp_37 = partselect i11 @_ssdm_op_PartSelect.i11.i64.i32.i32, i64 %data_V, i32 52, i32 62"   --->   Operation 10 'partselect' 'tmp_37' <Predicate = true> <Delay = 0.00>
ST_1 : Operation 11 [1/1] (0.00ns)   --->   "%tmp_38 = trunc i64 %data_V"   --->   Operation 11 'trunc' 'tmp_38' <Predicate = true> <Delay = 0.00>
ST_1 : Operation 12 [1/1] (0.00ns)   --->   "%zext_ln510 = zext i11 %tmp_37" [/wrk/ci/prod/2021.1/rdi_builds/continuous/2021_06_10_3247384/src/shared/hls/clib/src/hls/utils/x_hls_utils.h:510]   --->   Operation 12 'zext' 'zext_ln510' <Predicate = true> <Delay = 0.00>
ST_1 : Operation 13 [1/1] (0.79ns)   --->   "%m_exp = add i12 %zext_ln510, i12 3073" [/wrk/ci/prod/2021.1/rdi_builds/continuous/2021_06_10_3247384/src/shared/hls/clib/src/hls/utils/x_hls_utils.h:510]   --->   Operation 13 'add' 'm_exp' <Predicate = true> <Delay = 0.79> <CoreInst = "Adder">   --->   Core 1 'Adder' <Latency = 0> <II = 1> <Delay = 0.79> <FuncUnit> <Opcode : 'add' 'sub'> <InPorts = 2> <OutPorts = 1>
ST_1 : Operation 14 [1/1] (0.94ns)   --->   "%y_is_0 = icmp_eq  i11 %tmp_37, i11 0"   --->   Operation 14 'icmp' 'y_is_0' <Predicate = true> <Delay = 0.94> <CoreInst = "Cmp">   --->   Core 9 'Cmp' <Latency = 0> <II = 1> <Delay = 1.00> <FuncUnit> <Opcode : 'icmp'> <InPorts = 2> <OutPorts = 1>
ST_1 : Operation 15 [1/1] (0.94ns)   --->   "%icmp_ln1003 = icmp_eq  i11 %tmp_37, i11 2047"   --->   Operation 15 'icmp' 'icmp_ln1003' <Predicate = true> <Delay = 0.94> <CoreInst = "Cmp">   --->   Core 9 'Cmp' <Latency = 0> <II = 1> <Delay = 1.00> <FuncUnit> <Opcode : 'icmp'> <InPorts = 2> <OutPorts = 1>
ST_1 : Operation 16 [1/1] (1.14ns)   --->   "%icmp_ln1003_1 = icmp_eq  i52 %tmp_38, i52 0"   --->   Operation 16 'icmp' 'icmp_ln1003_1' <Predicate = true> <Delay = 1.14> <CoreInst = "Cmp">   --->   Core 9 'Cmp' <Latency = 0> <II = 1> <Delay = 1.00> <FuncUnit> <Opcode : 'icmp'> <InPorts = 2> <OutPorts = 1>
ST_1 : Operation 17 [1/1] (0.00ns)   --->   "%p_Result_17 = bitconcatenate i54 @_ssdm_op_BitConcatenate.i54.i2.i52, i2 1, i52 %tmp_38"   --->   Operation 17 'bitconcatenate' 'p_Result_17' <Predicate = true> <Delay = 0.00>
ST_1 : Operation 18 [1/1] (1.09ns)   --->   "%e_frac_V_1 = sub i54 0, i54 %p_Result_17"   --->   Operation 18 'sub' 'e_frac_V_1' <Predicate = true> <Delay = 1.09> <CoreInst = "Adder">   --->   Core 1 'Adder' <Latency = 0> <II = 1> <Delay = 0.79> <FuncUnit> <Opcode : 'add' 'sub'> <InPorts = 2> <OutPorts = 1>
ST_1 : Operation 19 [1/1] (0.40ns)   --->   "%e_frac_V_2 = select i1 %p_Result_16, i54 %e_frac_V_1, i54 %p_Result_17" [/wrk/ci/prod/2021.1/rdi_builds/continuous/2021_06_10_3247384/src/shared/hls/clib/hlsmath/include/FloatingPoint/hls_pow.h:566]   --->   Operation 19 'select' 'e_frac_V_2' <Predicate = true> <Delay = 0.40> <CoreInst = "Sel">   --->   Core 73 'Sel' <Latency = 0> <II = 1> <Delay = 0.42> <FuncUnit> <Opcode : 'select'> <InPorts = 3> <OutPorts = 1>
ST_1 : Operation 20 [1/1] (0.00ns)   --->   "%sext_ln666 = sext i54 %e_frac_V_2"   --->   Operation 20 'sext' 'sext_ln666' <Predicate = true> <Delay = 0.00>
ST_1 : Operation 21 [1/1] (4.73ns)   --->   "%m_frac_l_V = mul i122 %sext_ln666, i122 169900791673599476078"   --->   Operation 21 'mul' 'm_frac_l_V' <Predicate = true> <Delay = 4.73> <CoreInst = "Multiplier">   --->   Core 3 'Multiplier' <Latency = 0> <II = 1> <Delay = 3.90> <FuncUnit> <Opcode : 'mul'> <InPorts = 2> <OutPorts = 1>
ST_1 : Operation 22 [1/1] (0.00ns)   --->   "%sext_ln568 = sext i122 %m_frac_l_V" [/wrk/ci/prod/2021.1/rdi_builds/continuous/2021_06_10_3247384/src/shared/hls/clib/hlsmath/include/FloatingPoint/hls_pow.h:568]   --->   Operation 22 'sext' 'sext_ln568' <Predicate = true> <Delay = 0.00>
ST_1 : Operation 23 [1/1] (0.00ns) (grouped into LUT with out node icmp_ln1506)   --->   "%sext_ln568_1 = sext i122 %m_frac_l_V" [/wrk/ci/prod/2021.1/rdi_builds/continuous/2021_06_10_3247384/src/shared/hls/clib/hlsmath/include/FloatingPoint/hls_pow.h:568]   --->   Operation 23 'sext' 'sext_ln568_1' <Predicate = true> <Delay = 0.00>
ST_1 : Operation 24 [1/1] (0.00ns)   --->   "%isNeg = bitselect i1 @_ssdm_op_BitSelect.i1.i12.i32, i12 %m_exp, i32 11"   --->   Operation 24 'bitselect' 'isNeg' <Predicate = true> <Delay = 0.00>
ST_1 : Operation 25 [1/1] (0.79ns)   --->   "%sub_ln1364 = sub i11 1023, i11 %tmp_37"   --->   Operation 25 'sub' 'sub_ln1364' <Predicate = true> <Delay = 0.79> <CoreInst = "Adder">   --->   Core 1 'Adder' <Latency = 0> <II = 1> <Delay = 0.79> <FuncUnit> <Opcode : 'add' 'sub'> <InPorts = 2> <OutPorts = 1>
ST_1 : Operation 26 [1/1] (0.00ns)   --->   "%sext_ln1364 = sext i11 %sub_ln1364"   --->   Operation 26 'sext' 'sext_ln1364' <Predicate = true> <Delay = 0.00>
ST_1 : Operation 27 [1/1] (0.37ns)   --->   "%ush = select i1 %isNeg, i12 %sext_ln1364, i12 %m_exp"   --->   Operation 27 'select' 'ush' <Predicate = true> <Delay = 0.37> <CoreInst = "Sel">   --->   Core 73 'Sel' <Latency = 0> <II = 1> <Delay = 0.42> <FuncUnit> <Opcode : 'select'> <InPorts = 3> <OutPorts = 1>
ST_1 : Operation 28 [1/1] (0.00ns)   --->   "%sext_ln1340 = sext i12 %ush"   --->   Operation 28 'sext' 'sext_ln1340' <Predicate = true> <Delay = 0.00>
ST_1 : Operation 29 [1/1] (0.00ns) (grouped into LUT with out node m_fix_l)   --->   "%zext_ln1340 = zext i32 %sext_ln1340"   --->   Operation 29 'zext' 'zext_ln1340' <Predicate = true> <Delay = 0.00>
ST_1 : Operation 30 [1/1] (0.00ns) (grouped into LUT with out node m_fix_l)   --->   "%sext_ln1340cast = zext i32 %sext_ln1340"   --->   Operation 30 'zext' 'sext_ln1340cast' <Predicate = true> <Delay = 0.00>
ST_1 : Operation 31 [1/1] (0.00ns) (grouped into LUT with out node m_fix_l)   --->   "%r_V = ashr i122 %m_frac_l_V, i122 %sext_ln1340cast"   --->   Operation 31 'ashr' 'r_V' <Predicate = true> <Delay = 0.00> <CoreInst = "Shifter">   --->   Core 75 'Shifter' <Latency = 0> <II = 1> <Delay = 1.51> <FuncUnit> <Opcode : 'shl' 'lshr' 'ashr'> <InPorts = 2> <OutPorts = 1>
ST_1 : Operation 32 [1/1] (0.00ns) (grouped into LUT with out node m_fix_l)   --->   "%sext_ln1339 = sext i122 %r_V"   --->   Operation 32 'sext' 'sext_ln1339' <Predicate = true> <Delay = 0.00>
ST_1 : Operation 33 [1/1] (0.00ns) (grouped into LUT with out node m_fix_l)   --->   "%r_V_1 = shl i131 %sext_ln568, i131 %zext_ln1340"   --->   Operation 33 'shl' 'r_V_1' <Predicate = true> <Delay = 0.00> <CoreInst = "Shifter">   --->   Core 75 'Shifter' <Latency = 0> <II = 1> <Delay = 1.51> <FuncUnit> <Opcode : 'shl' 'lshr' 'ashr'> <InPorts = 2> <OutPorts = 1>
ST_1 : Operation 34 [1/1] (0.00ns) (grouped into LUT with out node m_fix_l)   --->   "%trunc_ln1339_1 = trunc i131 %r_V_1"   --->   Operation 34 'trunc' 'trunc_ln1339_1' <Predicate = true> <Delay = 0.00>
ST_1 : Operation 35 [1/1] (1.51ns) (out node of the LUT)   --->   "%m_fix_l = select i1 %isNeg, i130 %sext_ln1339, i130 %trunc_ln1339_1"   --->   Operation 35 'select' 'm_fix_l' <Predicate = true> <Delay = 1.51> <CoreInst = "Sel">   --->   Core 73 'Sel' <Latency = 0> <II = 1> <Delay = 0.42> <FuncUnit> <Opcode : 'select'> <InPorts = 3> <OutPorts = 1>
ST_1 : Operation 36 [1/1] (0.00ns)   --->   "%zext_ln1306 = zext i32 %sext_ln1340"   --->   Operation 36 'zext' 'zext_ln1306' <Predicate = true> <Delay = 0.00>
ST_1 : Operation 37 [1/1] (0.00ns) (grouped into LUT with out node icmp_ln1506)   --->   "%r_V_2 = shl i130 %m_fix_l, i130 %zext_ln1306"   --->   Operation 37 'shl' 'r_V_2' <Predicate = true> <Delay = 0.00> <CoreInst = "Shifter">   --->   Core 75 'Shifter' <Latency = 0> <II = 1> <Delay = 1.51> <FuncUnit> <Opcode : 'shl' 'lshr' 'ashr'> <InPorts = 2> <OutPorts = 1>
ST_1 : Operation 38 [1/1] (0.00ns) (grouped into LUT with out node icmp_ln1506)   --->   "%r_V_3 = ashr i130 %m_fix_l, i130 %zext_ln1306"   --->   Operation 38 'ashr' 'r_V_3' <Predicate = true> <Delay = 0.00> <CoreInst = "Shifter">   --->   Core 75 'Shifter' <Latency = 0> <II = 1> <Delay = 1.51> <FuncUnit> <Opcode : 'shl' 'lshr' 'ashr'> <InPorts = 2> <OutPorts = 1>
ST_1 : Operation 39 [1/1] (0.00ns) (grouped into LUT with out node icmp_ln1506)   --->   "%r_V_17 = select i1 %isNeg, i130 %r_V_2, i130 %r_V_3"   --->   Operation 39 'select' 'r_V_17' <Predicate = true> <Delay = 0.00> <CoreInst = "Sel">   --->   Core 73 'Sel' <Latency = 0> <II = 1> <Delay = 0.42> <FuncUnit> <Opcode : 'select'> <InPorts = 3> <OutPorts = 1>
ST_1 : Operation 40 [1/1] (0.00ns) (grouped into LUT with out node select_ln578)   --->   "%tmp_28 = bitselect i1 @_ssdm_op_BitSelect.i1.i12.i32, i12 %m_exp, i32 11" [/wrk/ci/prod/2021.1/rdi_builds/continuous/2021_06_10_3247384/src/shared/hls/clib/hlsmath/include/FloatingPoint/hls_pow.h:581]   --->   Operation 40 'bitselect' 'tmp_28' <Predicate = true> <Delay = 0.00>
ST_1 : Operation 41 [1/1] (0.00ns) (grouped into LUT with out node select_ln578)   --->   "%sext_ln1306 = sext i12 %m_exp"   --->   Operation 41 'sext' 'sext_ln1306' <Predicate = true> <Delay = 0.00>
ST_1 : Operation 42 [1/1] (0.00ns) (grouped into LUT with out node select_ln578)   --->   "%zext_ln1306_1 = zext i32 %sext_ln1306"   --->   Operation 42 'zext' 'zext_ln1306_1' <Predicate = true> <Delay = 0.00>
ST_1 : Operation 43 [1/1] (0.00ns) (grouped into LUT with out node select_ln578)   --->   "%r_V_5 = shl i131 %sext_ln568, i131 %zext_ln1306_1"   --->   Operation 43 'shl' 'r_V_5' <Predicate = true> <Delay = 0.00> <CoreInst = "Shifter">   --->   Core 75 'Shifter' <Latency = 0> <II = 1> <Delay = 1.51> <FuncUnit> <Opcode : 'shl' 'lshr' 'ashr'> <InPorts = 2> <OutPorts = 1>
ST_1 : Operation 44 [1/1] (0.00ns) (grouped into LUT with out node select_ln578)   --->   "%trunc_ln1339_2 = trunc i131 %r_V_5"   --->   Operation 44 'trunc' 'trunc_ln1339_2' <Predicate = true> <Delay = 0.00>
ST_1 : Operation 45 [1/1] (0.00ns)   --->   "%isNeg_1 = bitselect i1 @_ssdm_op_BitSelect.i1.i11.i32, i11 %sub_ln1364, i32 10"   --->   Operation 45 'bitselect' 'isNeg_1' <Predicate = true> <Delay = 0.00>
ST_1 : Operation 46 [1/1] (0.37ns)   --->   "%ush_2 = select i1 %isNeg_1, i12 %m_exp, i12 %sext_ln1364"   --->   Operation 46 'select' 'ush_2' <Predicate = true> <Delay = 0.37> <CoreInst = "Sel">   --->   Core 73 'Sel' <Latency = 0> <II = 1> <Delay = 0.42> <FuncUnit> <Opcode : 'select'> <InPorts = 3> <OutPorts = 1>
ST_1 : Operation 47 [1/1] (0.00ns)   --->   "%sext_ln1306_1 = sext i12 %ush_2"   --->   Operation 47 'sext' 'sext_ln1306_1' <Predicate = true> <Delay = 0.00>
ST_1 : Operation 48 [1/1] (0.00ns) (grouped into LUT with out node r_V_8)   --->   "%zext_ln1306_2 = zext i32 %sext_ln1306_1"   --->   Operation 48 'zext' 'zext_ln1306_2' <Predicate = true> <Delay = 0.00>
ST_1 : Operation 49 [1/1] (0.00ns) (grouped into LUT with out node r_V_8)   --->   "%r_V_6 = shl i131 %sext_ln568, i131 %zext_ln1306_2"   --->   Operation 49 'shl' 'r_V_6' <Predicate = true> <Delay = 0.00> <CoreInst = "Shifter">   --->   Core 75 'Shifter' <Latency = 0> <II = 1> <Delay = 1.51> <FuncUnit> <Opcode : 'shl' 'lshr' 'ashr'> <InPorts = 2> <OutPorts = 1>
ST_1 : Operation 50 [1/1] (0.00ns) (grouped into LUT with out node r_V_8)   --->   "%trunc_ln1305 = trunc i131 %r_V_6"   --->   Operation 50 'trunc' 'trunc_ln1305' <Predicate = true> <Delay = 0.00>
ST_1 : Operation 51 [1/1] (0.00ns) (grouped into LUT with out node r_V_8)   --->   "%sext_ln1306_1cast = zext i32 %sext_ln1306_1"   --->   Operation 51 'zext' 'sext_ln1306_1cast' <Predicate = true> <Delay = 0.00>
ST_1 : Operation 52 [1/1] (0.00ns) (grouped into LUT with out node r_V_8)   --->   "%r_V_7 = ashr i122 %m_frac_l_V, i122 %sext_ln1306_1cast"   --->   Operation 52 'ashr' 'r_V_7' <Predicate = true> <Delay = 0.00> <CoreInst = "Shifter">   --->   Core 75 'Shifter' <Latency = 0> <II = 1> <Delay = 1.51> <FuncUnit> <Opcode : 'shl' 'lshr' 'ashr'> <InPorts = 2> <OutPorts = 1>
ST_1 : Operation 53 [1/1] (0.00ns) (grouped into LUT with out node r_V_8)   --->   "%sext_ln1305 = sext i122 %r_V_7"   --->   Operation 53 'sext' 'sext_ln1305' <Predicate = true> <Delay = 0.00>
ST_1 : Operation 54 [1/1] (1.51ns) (out node of the LUT)   --->   "%r_V_8 = select i1 %isNeg_1, i130 %trunc_ln1305, i130 %sext_ln1305"   --->   Operation 54 'select' 'r_V_8' <Predicate = true> <Delay = 1.51> <CoreInst = "Sel">   --->   Core 73 'Sel' <Latency = 0> <II = 1> <Delay = 0.42> <FuncUnit> <Opcode : 'select'> <InPorts = 3> <OutPorts = 1>
ST_1 : Operation 55 [1/1] (1.51ns) (out node of the LUT)   --->   "%select_ln578 = select i1 %tmp_28, i130 %r_V_8, i130 %trunc_ln1339_2" [/wrk/ci/prod/2021.1/rdi_builds/continuous/2021_06_10_3247384/src/shared/hls/clib/hlsmath/include/FloatingPoint/hls_pow.h:578]   --->   Operation 55 'select' 'select_ln578' <Predicate = true> <Delay = 1.51> <CoreInst = "Sel">   --->   Core 73 'Sel' <Latency = 0> <II = 1> <Delay = 0.42> <FuncUnit> <Opcode : 'select'> <InPorts = 3> <OutPorts = 1>
ST_1 : Operation 56 [1/1] (0.00ns)   --->   "%m_fix_hi_V = partselect i16 @_ssdm_op_PartSelect.i16.i130.i32.i32, i130 %select_ln578, i32 114, i32 129"   --->   Operation 56 'partselect' 'm_fix_hi_V' <Predicate = true> <Delay = 0.00>
ST_1 : Operation 57 [1/1] (0.00ns)   --->   "%p_Result_18 = bitselect i1 @_ssdm_op_BitSelect.i1.i130.i32, i130 %select_ln578, i32 129"   --->   Operation 57 'bitselect' 'p_Result_18' <Predicate = true> <Delay = 0.00>
ST_1 : Operation 58 [1/1] (0.00ns)   --->   "%sext_ln1123 = sext i16 %m_fix_hi_V"   --->   Operation 58 'sext' 'sext_ln1123' <Predicate = true> <Delay = 0.00>
ST_1 : Operation 59 [3/3] (0.99ns) (grouped into DSP with root node ret_V_7)   --->   "%r_V_18 = mul i31 %sext_ln1123, i31 23637"   --->   Operation 59 'mul' 'r_V_18' <Predicate = true> <Delay = 0.99> <CoreInst = "DSP48">   --->   Core 127 'DSP48' <Latency = 3> <II = 1> <Delay = 0.53> <IPBlock> <Opcode : 'mul' 'add' 'sub' 'select'> <InPorts = 0> <OutPorts = 1> <Sync> <CReg>
ST_1 : Operation 60 [1/1] (0.00ns)   --->   "%trunc_ln = partselect i59 @_ssdm_op_PartSelect.i59.i130.i32.i32, i130 %select_ln578, i32 59, i32 117"   --->   Operation 60 'partselect' 'trunc_ln' <Predicate = true> <Delay = 0.00>
ST_1 : Operation 61 [1/1] (0.97ns)   --->   "%icmp_ln657 = icmp_sgt  i12 %m_exp, i12 0" [/wrk/ci/prod/2021.1/rdi_builds/continuous/2021_06_10_3247384/src/shared/hls/clib/hlsmath/include/FloatingPoint/hls_pow.h:657]   --->   Operation 61 'icmp' 'icmp_ln657' <Predicate = true> <Delay = 0.97> <CoreInst = "Cmp">   --->   Core 9 'Cmp' <Latency = 0> <II = 1> <Delay = 1.00> <FuncUnit> <Opcode : 'icmp'> <InPorts = 2> <OutPorts = 1>
ST_1 : Operation 62 [1/1] (1.51ns) (out node of the LUT)   --->   "%icmp_ln1506 = icmp_ne  i130 %r_V_17, i130 %sext_ln568_1"   --->   Operation 62 'icmp' 'icmp_ln1506' <Predicate = true> <Delay = 1.51> <CoreInst = "Cmp">   --->   Core 9 'Cmp' <Latency = 0> <II = 1> <Delay = 1.00> <FuncUnit> <Opcode : 'icmp'> <InPorts = 2> <OutPorts = 1>

State 2 <SV = 1> <Delay = 0.99>
ST_2 : Operation 63 [2/3] (0.99ns) (grouped into DSP with root node ret_V_7)   --->   "%r_V_18 = mul i31 %sext_ln1123, i31 23637"   --->   Operation 63 'mul' 'r_V_18' <Predicate = true> <Delay = 0.99> <CoreInst = "DSP48">   --->   Core 127 'DSP48' <Latency = 3> <II = 1> <Delay = 0.53> <IPBlock> <Opcode : 'mul' 'add' 'sub' 'select'> <InPorts = 0> <OutPorts = 1> <Sync> <CReg>

State 3 <SV = 2> <Delay = 0.64>
ST_3 : Operation 64 [1/3] (0.00ns) (grouped into DSP with root node ret_V_7)   --->   "%r_V_18 = mul i31 %sext_ln1123, i31 23637"   --->   Operation 64 'mul' 'r_V_18' <Predicate = true> <Delay = 0.00> <CoreInst = "DSP48">   --->   Core 127 'DSP48' <Latency = 3> <II = 1> <Delay = 0.53> <IPBlock> <Opcode : 'mul' 'add' 'sub' 'select'> <InPorts = 0> <OutPorts = 1> <Sync> <CReg>
ST_3 : Operation 65 [1/1] (0.00ns)   --->   "%rhs = bitconcatenate i19 @_ssdm_op_BitConcatenate.i19.i1.i18, i1 %p_Result_18, i18 131072"   --->   Operation 65 'bitconcatenate' 'rhs' <Predicate = true> <Delay = 0.00>
ST_3 : Operation 66 [1/1] (0.00ns)   --->   "%sext_ln1199 = sext i19 %rhs"   --->   Operation 66 'sext' 'sext_ln1199' <Predicate = true> <Delay = 0.00>
ST_3 : Operation 67 [2/2] (0.64ns) (root node of the DSP)   --->   "%ret_V_7 = add i31 %sext_ln1199, i31 %r_V_18"   --->   Operation 67 'add' 'ret_V_7' <Predicate = true> <Delay = 0.64> <CoreInst = "DSP48">   --->   Core 127 'DSP48' <Latency = 3> <II = 1> <Delay = 0.53> <IPBlock> <Opcode : 'mul' 'add' 'sub' 'select'> <InPorts = 0> <OutPorts = 1> <Sync> <CReg>

State 4 <SV = 3> <Delay = 9.18>
ST_4 : Operation 68 [1/2] (0.64ns) (root node of the DSP)   --->   "%ret_V_7 = add i31 %sext_ln1199, i31 %r_V_18"   --->   Operation 68 'add' 'ret_V_7' <Predicate = true> <Delay = 0.64> <CoreInst = "DSP48">   --->   Core 127 'DSP48' <Latency = 3> <II = 1> <Delay = 0.53> <IPBlock> <Opcode : 'mul' 'add' 'sub' 'select'> <InPorts = 0> <OutPorts = 1> <Sync> <CReg>
ST_4 : Operation 69 [1/1] (0.00ns)   --->   "%ret_V_cast = partselect i13 @_ssdm_op_PartSelect.i13.i31.i32.i32, i31 %ret_V_7, i32 18, i32 30"   --->   Operation 69 'partselect' 'ret_V_cast' <Predicate = true> <Delay = 0.00>
ST_4 : Operation 70 [1/1] (0.00ns) (grouped into LUT with out node ret_V_8)   --->   "%p_Result_s = bitselect i1 @_ssdm_op_BitSelect.i1.i31.i32, i31 %ret_V_7, i32 30"   --->   Operation 70 'bitselect' 'p_Result_s' <Predicate = true> <Delay = 0.00>
ST_4 : Operation 71 [1/1] (0.00ns)   --->   "%trunc_ln856 = trunc i31 %ret_V_7"   --->   Operation 71 'trunc' 'trunc_ln856' <Predicate = true> <Delay = 0.00>
ST_4 : Operation 72 [1/1] (1.08ns)   --->   "%icmp_ln856 = icmp_eq  i18 %trunc_ln856, i18 0"   --->   Operation 72 'icmp' 'icmp_ln856' <Predicate = true> <Delay = 1.08> <CoreInst = "Cmp">   --->   Core 9 'Cmp' <Latency = 0> <II = 1> <Delay = 1.00> <FuncUnit> <Opcode : 'icmp'> <InPorts = 2> <OutPorts = 1>
ST_4 : Operation 73 [1/1] (0.82ns)   --->   "%ret_V = add i13 %ret_V_cast, i13 1"   --->   Operation 73 'add' 'ret_V' <Predicate = true> <Delay = 0.82> <CoreInst = "Adder">   --->   Core 1 'Adder' <Latency = 0> <II = 1> <Delay = 0.79> <FuncUnit> <Opcode : 'add' 'sub'> <InPorts = 2> <OutPorts = 1>
ST_4 : Operation 74 [1/1] (0.00ns) (grouped into LUT with out node ret_V_8)   --->   "%select_ln855 = select i1 %icmp_ln856, i13 %ret_V_cast, i13 %ret_V"   --->   Operation 74 'select' 'select_ln855' <Predicate = true> <Delay = 0.00> <CoreInst = "Sel">   --->   Core 73 'Sel' <Latency = 0> <II = 1> <Delay = 0.42> <FuncUnit> <Opcode : 'select'> <InPorts = 3> <OutPorts = 1>
ST_4 : Operation 75 [1/1] (0.30ns) (out node of the LUT)   --->   "%ret_V_8 = select i1 %p_Result_s, i13 %select_ln855, i13 %ret_V_cast"   --->   Operation 75 'select' 'ret_V_8' <Predicate = true> <Delay = 0.30> <CoreInst = "Sel">   --->   Core 73 'Sel' <Latency = 0> <II = 1> <Delay = 0.42> <FuncUnit> <Opcode : 'select'> <InPorts = 3> <OutPorts = 1>
ST_4 : Operation 76 [1/1] (0.00ns)   --->   "%sext_ln1122 = sext i13 %ret_V_8"   --->   Operation 76 'sext' 'sext_ln1122' <Predicate = true> <Delay = 0.00>
ST_4 : Operation 77 [1/1] (4.82ns)   --->   "%r_V_12 = mul i71 %sext_ln1122, i71 1636647506585939924452"   --->   Operation 77 'mul' 'r_V_12' <Predicate = true> <Delay = 4.82> <CoreInst = "Multiplier">   --->   Core 3 'Multiplier' <Latency = 0> <II = 1> <Delay = 3.90> <FuncUnit> <Opcode : 'mul'> <InPorts = 2> <OutPorts = 1>
ST_4 : Operation 78 [1/1] (0.00ns)   --->   "%trunc_ln666_1 = partselect i59 @_ssdm_op_PartSelect.i59.i71.i32.i32, i71 %r_V_12, i32 12, i32 70"   --->   Operation 78 'partselect' 'trunc_ln666_1' <Predicate = true> <Delay = 0.00>
ST_4 : Operation 79 [1/1] (1.09ns)   --->   "%m_diff_V = sub i59 %trunc_ln, i59 %trunc_ln666_1"   --->   Operation 79 'sub' 'm_diff_V' <Predicate = true> <Delay = 1.09> <CoreInst = "Adder">   --->   Core 1 'Adder' <Latency = 0> <II = 1> <Delay = 0.79> <FuncUnit> <Opcode : 'add' 'sub'> <InPorts = 2> <OutPorts = 1>
ST_4 : Operation 80 [1/1] (0.00ns)   --->   "%m_diff_hi_V = partselect i8 @_ssdm_op_PartSelect.i8.i59.i32.i32, i59 %m_diff_V, i32 51, i32 58"   --->   Operation 80 'partselect' 'm_diff_hi_V' <Predicate = true> <Delay = 0.00>
ST_4 : Operation 81 [1/1] (0.00ns)   --->   "%Z2_V = partselect i8 @_ssdm_op_PartSelect.i8.i59.i32.i32, i59 %m_diff_V, i32 43, i32 50"   --->   Operation 81 'partselect' 'Z2_V' <Predicate = true> <Delay = 0.00>
ST_4 : Operation 82 [1/1] (0.00ns)   --->   "%Z3_V = partselect i8 @_ssdm_op_PartSelect.i8.i59.i32.i32, i59 %m_diff_V, i32 35, i32 42"   --->   Operation 82 'partselect' 'Z3_V' <Predicate = true> <Delay = 0.00>
ST_4 : Operation 83 [1/1] (0.00ns)   --->   "%Z4 = trunc i59 %m_diff_V"   --->   Operation 83 'trunc' 'Z4' <Predicate = true> <Delay = 0.00>
ST_4 : Operation 84 [1/1] (0.00ns)   --->   "%Z4_ind = partselect i8 @_ssdm_op_PartSelect.i8.i59.i32.i32, i59 %m_diff_V, i32 27, i32 34"   --->   Operation 84 'partselect' 'Z4_ind' <Predicate = true> <Delay = 0.00>
ST_4 : Operation 85 [1/1] (0.00ns)   --->   "%zext_ln527_1 = zext i8 %Z4_ind"   --->   Operation 85 'zext' 'zext_ln527_1' <Predicate = true> <Delay = 0.00>
ST_4 : Operation 86 [1/1] (0.00ns)   --->   "%pow_reduce_anonymous_namespace_table_f_Z3_ap_ufixed_59_0_ap_q_mode_5_ap_o_mode_3_0_array_V_addr = getelementptr i26 %pow_reduce_anonymous_namespace_table_f_Z3_ap_ufixed_59_0_ap_q_mode_5_ap_o_mode_3_0_array_V, i64 0, i64 %zext_ln527_1"   --->   Operation 86 'getelementptr' 'pow_reduce_anonymous_namespace_table_f_Z3_ap_ufixed_59_0_ap_q_mode_5_ap_o_mode_3_0_array_V_addr' <Predicate = true> <Delay = 0.00>
ST_4 : Operation 87 [2/2] (1.23ns)   --->   "%pow_reduce_anonymous_namespace_table_f_Z3_ap_ufixed_59_0_ap_q_mode_5_ap_o_mode_3_0_array_V_load = load i8 %pow_reduce_anonymous_namespace_table_f_Z3_ap_ufixed_59_0_ap_q_mode_5_ap_o_mode_3_0_array_V_addr"   --->   Operation 87 'load' 'pow_reduce_anonymous_namespace_table_f_Z3_ap_ufixed_59_0_ap_q_mode_5_ap_o_mode_3_0_array_V_load' <Predicate = true> <Delay = 1.23> <CoreInst = "ROM">   --->   Core 101 'ROM' <Latency = 1> <II = 1> <Delay = 1.23> <Storage> <Opcode : 'load'> <Ports = 0> <Width = 26> <Depth = 256> <ROM>
ST_4 : Operation 88 [1/1] (0.00ns)   --->   "%zext_ln527_2 = zext i8 %Z3_V"   --->   Operation 88 'zext' 'zext_ln527_2' <Predicate = true> <Delay = 0.00>
ST_4 : Operation 89 [1/1] (0.00ns)   --->   "%pow_reduce_anonymous_namespace_table_f_Z3_ap_ufixed_59_0_ap_q_mode_5_ap_o_mode_3_0_array_V_addr_1 = getelementptr i26 %pow_reduce_anonymous_namespace_table_f_Z3_ap_ufixed_59_0_ap_q_mode_5_ap_o_mode_3_0_array_V, i64 0, i64 %zext_ln527_2"   --->   Operation 89 'getelementptr' 'pow_reduce_anonymous_namespace_table_f_Z3_ap_ufixed_59_0_ap_q_mode_5_ap_o_mode_3_0_array_V_addr_1' <Predicate = true> <Delay = 0.00>
ST_4 : Operation 90 [2/2] (1.23ns)   --->   "%f_Z3 = load i8 %pow_reduce_anonymous_namespace_table_f_Z3_ap_ufixed_59_0_ap_q_mode_5_ap_o_mode_3_0_array_V_addr_1"   --->   Operation 90 'load' 'f_Z3' <Predicate = true> <Delay = 1.23> <CoreInst = "ROM">   --->   Core 101 'ROM' <Latency = 1> <II = 1> <Delay = 1.23> <Storage> <Opcode : 'load'> <Ports = 0> <Width = 26> <Depth = 256> <ROM>
ST_4 : Operation 91 [1/1] (0.00ns)   --->   "%zext_ln527_3 = zext i8 %Z2_V"   --->   Operation 91 'zext' 'zext_ln527_3' <Predicate = true> <Delay = 0.00>
ST_4 : Operation 92 [1/1] (0.00ns)   --->   "%pow_reduce_anonymous_namespace_table_f_Z2_ap_ufixed_59_0_ap_q_mode_5_ap_o_mode_3_0_array_V_addr = getelementptr i42 %pow_reduce_anonymous_namespace_table_f_Z2_ap_ufixed_59_0_ap_q_mode_5_ap_o_mode_3_0_array_V, i64 0, i64 %zext_ln527_3"   --->   Operation 92 'getelementptr' 'pow_reduce_anonymous_namespace_table_f_Z2_ap_ufixed_59_0_ap_q_mode_5_ap_o_mode_3_0_array_V_addr' <Predicate = true> <Delay = 0.00>
ST_4 : Operation 93 [2/2] (1.23ns)   --->   "%f_Z2_V = load i8 %pow_reduce_anonymous_namespace_table_f_Z2_ap_ufixed_59_0_ap_q_mode_5_ap_o_mode_3_0_array_V_addr"   --->   Operation 93 'load' 'f_Z2_V' <Predicate = true> <Delay = 1.23> <CoreInst = "ROM">   --->   Core 101 'ROM' <Latency = 1> <II = 1> <Delay = 1.23> <Storage> <Opcode : 'load'> <Ports = 0> <Width = 42> <Depth = 256> <ROM>

State 5 <SV = 4> <Delay = 14.0>
ST_5 : Operation 94 [1/1] (0.00ns)   --->   "%zext_ln527 = zext i8 %m_diff_hi_V"   --->   Operation 94 'zext' 'zext_ln527' <Predicate = true> <Delay = 0.00>
ST_5 : Operation 95 [1/1] (0.00ns)   --->   "%pow_reduce_anonymous_namespace_table_exp_Z1_ap_ufixed_58_1_ap_q_mode_5_ap_o_mode_3_0_array_V_addr = getelementptr i58 %pow_reduce_anonymous_namespace_table_exp_Z1_ap_ufixed_58_1_ap_q_mode_5_ap_o_mode_3_0_array_V, i64 0, i64 %zext_ln527" [/wrk/ci/prod/2021.1/rdi_builds/continuous/2021_06_10_3247384/src/shared/hls/clib/hlsmath/include/FloatingPoint/hls_pow.h:640]   --->   Operation 95 'getelementptr' 'pow_reduce_anonymous_namespace_table_exp_Z1_ap_ufixed_58_1_ap_q_mode_5_ap_o_mode_3_0_array_V_addr' <Predicate = true> <Delay = 0.00>
ST_5 : Operation 96 [2/2] (1.23ns)   --->   "%exp_Z1_V = load i8 %pow_reduce_anonymous_namespace_table_exp_Z1_ap_ufixed_58_1_ap_q_mode_5_ap_o_mode_3_0_array_V_addr" [/wrk/ci/prod/2021.1/rdi_builds/continuous/2021_06_10_3247384/src/shared/hls/clib/hlsmath/include/FloatingPoint/hls_pow.h:640]   --->   Operation 96 'load' 'exp_Z1_V' <Predicate = true> <Delay = 1.23> <CoreInst = "ROM">   --->   Core 101 'ROM' <Latency = 1> <II = 1> <Delay = 1.23> <Storage> <Opcode : 'load'> <Ports = 0> <Width = 58> <Depth = 256> <ROM>
ST_5 : Operation 97 [1/2] (1.23ns)   --->   "%pow_reduce_anonymous_namespace_table_f_Z3_ap_ufixed_59_0_ap_q_mode_5_ap_o_mode_3_0_array_V_load = load i8 %pow_reduce_anonymous_namespace_table_f_Z3_ap_ufixed_59_0_ap_q_mode_5_ap_o_mode_3_0_array_V_addr"   --->   Operation 97 'load' 'pow_reduce_anonymous_namespace_table_f_Z3_ap_ufixed_59_0_ap_q_mode_5_ap_o_mode_3_0_array_V_load' <Predicate = true> <Delay = 1.23> <CoreInst = "ROM">   --->   Core 101 'ROM' <Latency = 1> <II = 1> <Delay = 1.23> <Storage> <Opcode : 'load'> <Ports = 0> <Width = 26> <Depth = 256> <ROM>
ST_5 : Operation 98 [1/1] (0.00ns)   --->   "%r = partselect i10 @_ssdm_op_PartSelect.i10.i26.i32.i32, i26 %pow_reduce_anonymous_namespace_table_f_Z3_ap_ufixed_59_0_ap_q_mode_5_ap_o_mode_3_0_array_V_load, i32 16, i32 25"   --->   Operation 98 'partselect' 'r' <Predicate = true> <Delay = 0.00>
ST_5 : Operation 99 [1/1] (0.00ns)   --->   "%zext_ln666 = zext i35 %Z4"   --->   Operation 99 'zext' 'zext_ln666' <Predicate = true> <Delay = 0.00>
ST_5 : Operation 100 [1/1] (0.00ns)   --->   "%zext_ln666_1 = zext i10 %r"   --->   Operation 100 'zext' 'zext_ln666_1' <Predicate = true> <Delay = 0.00>
ST_5 : Operation 101 [1/1] (1.02ns)   --->   "%ret_V_9 = add i36 %zext_ln666, i36 %zext_ln666_1"   --->   Operation 101 'add' 'ret_V_9' <Predicate = true> <Delay = 1.02> <CoreInst = "Adder">   --->   Core 1 'Adder' <Latency = 0> <II = 1> <Delay = 0.79> <FuncUnit> <Opcode : 'add' 'sub'> <InPorts = 2> <OutPorts = 1>
ST_5 : Operation 102 [1/2] (1.23ns)   --->   "%f_Z3 = load i8 %pow_reduce_anonymous_namespace_table_f_Z3_ap_ufixed_59_0_ap_q_mode_5_ap_o_mode_3_0_array_V_addr_1"   --->   Operation 102 'load' 'f_Z3' <Predicate = true> <Delay = 1.23> <CoreInst = "ROM">   --->   Core 101 'ROM' <Latency = 1> <II = 1> <Delay = 1.23> <Storage> <Opcode : 'load'> <Ports = 0> <Width = 26> <Depth = 256> <ROM>
ST_5 : Operation 103 [1/1] (0.00ns)   --->   "%ret_V_10 = bitconcatenate i43 @_ssdm_op_BitConcatenate.i43.i8.i9.i26, i8 %Z3_V, i9 0, i26 %f_Z3"   --->   Operation 103 'bitconcatenate' 'ret_V_10' <Predicate = true> <Delay = 0.00>
ST_5 : Operation 104 [1/1] (0.00ns)   --->   "%zext_ln1199 = zext i43 %ret_V_10"   --->   Operation 104 'zext' 'zext_ln1199' <Predicate = true> <Delay = 0.00>
ST_5 : Operation 105 [1/1] (0.00ns)   --->   "%zext_ln1122 = zext i43 %ret_V_10"   --->   Operation 105 'zext' 'zext_ln1122' <Predicate = true> <Delay = 0.00>
ST_5 : Operation 106 [1/1] (0.00ns)   --->   "%zext_ln1125 = zext i36 %ret_V_9"   --->   Operation 106 'zext' 'zext_ln1125' <Predicate = true> <Delay = 0.00>
ST_5 : Operation 107 [1/1] (3.67ns)   --->   "%r_V_14 = mul i79 %zext_ln1122, i79 %zext_ln1125"   --->   Operation 107 'mul' 'r_V_14' <Predicate = true> <Delay = 3.67> <CoreInst = "Multiplier">   --->   Core 3 'Multiplier' <Latency = 0> <II = 1> <Delay = 3.90> <FuncUnit> <Opcode : 'mul'> <InPorts = 2> <OutPorts = 1>
ST_5 : Operation 108 [1/1] (0.00ns)   --->   "%trunc_ln666_4 = partselect i20 @_ssdm_op_PartSelect.i20.i79.i32.i32, i79 %r_V_14, i32 59, i32 78"   --->   Operation 108 'partselect' 'trunc_ln666_4' <Predicate = true> <Delay = 0.00>
ST_5 : Operation 109 [1/1] (0.00ns)   --->   "%zext_ln666_2 = zext i20 %trunc_ln666_4"   --->   Operation 109 'zext' 'zext_ln666_2' <Predicate = true> <Delay = 0.00>
ST_5 : Operation 110 [1/1] (1.02ns)   --->   "%add_ln666 = add i36 %ret_V_9, i36 %zext_ln666_2"   --->   Operation 110 'add' 'add_ln666' <Predicate = true> <Delay = 1.02> <CoreInst = "Adder">   --->   Core 1 'Adder' <Latency = 0> <II = 1> <Delay = 0.79> <FuncUnit> <Opcode : 'add' 'sub'> <InPorts = 2> <OutPorts = 1>
ST_5 : Operation 111 [1/1] (0.00ns)   --->   "%zext_ln666_3 = zext i36 %add_ln666"   --->   Operation 111 'zext' 'zext_ln666_3' <Predicate = true> <Delay = 0.00>
ST_5 : Operation 112 [1/1] (1.05ns)   --->   "%exp_Z2P_m_1_V = add i44 %zext_ln666_3, i44 %zext_ln1199"   --->   Operation 112 'add' 'exp_Z2P_m_1_V' <Predicate = true> <Delay = 1.05> <CoreInst = "Adder">   --->   Core 1 'Adder' <Latency = 0> <II = 1> <Delay = 0.79> <FuncUnit> <Opcode : 'add' 'sub'> <InPorts = 2> <OutPorts = 1>
ST_5 : Operation 113 [1/2] (1.23ns)   --->   "%f_Z2_V = load i8 %pow_reduce_anonymous_namespace_table_f_Z2_ap_ufixed_59_0_ap_q_mode_5_ap_o_mode_3_0_array_V_addr"   --->   Operation 113 'load' 'f_Z2_V' <Predicate = true> <Delay = 1.23> <CoreInst = "ROM">   --->   Core 101 'ROM' <Latency = 1> <II = 1> <Delay = 1.23> <Storage> <Opcode : 'load'> <Ports = 0> <Width = 42> <Depth = 256> <ROM>
ST_5 : Operation 114 [1/1] (0.00ns)   --->   "%tmp_20 = partselect i40 @_ssdm_op_PartSelect.i40.i42.i32.i32, i42 %f_Z2_V, i32 2, i32 41"   --->   Operation 114 'partselect' 'tmp_20' <Predicate = true> <Delay = 0.00>
ST_5 : Operation 115 [1/1] (0.00ns)   --->   "%exp_Z2_m_1_V = bitconcatenate i49 @_ssdm_op_BitConcatenate.i49.i8.i1.i40, i8 %Z2_V, i1 0, i40 %tmp_20"   --->   Operation 115 'bitconcatenate' 'exp_Z2_m_1_V' <Predicate = true> <Delay = 0.00>
ST_5 : Operation 116 [1/1] (0.00ns)   --->   "%zext_ln1122_1 = zext i49 %exp_Z2_m_1_V"   --->   Operation 116 'zext' 'zext_ln1122_1' <Predicate = true> <Delay = 0.00>
ST_5 : Operation 117 [1/1] (0.00ns)   --->   "%zext_ln1125_1 = zext i44 %exp_Z2P_m_1_V"   --->   Operation 117 'zext' 'zext_ln1125_1' <Predicate = true> <Delay = 0.00>
ST_5 : Operation 118 [1/1] (3.90ns)   --->   "%r_V_15 = mul i93 %zext_ln1122_1, i93 %zext_ln1125_1"   --->   Operation 118 'mul' 'r_V_15' <Predicate = true> <Delay = 3.90> <CoreInst = "Multiplier">   --->   Core 3 'Multiplier' <Latency = 0> <II = 1> <Delay = 3.90> <FuncUnit> <Opcode : 'mul'> <InPorts = 2> <OutPorts = 1>
ST_5 : Operation 119 [1/1] (0.00ns)   --->   "%lhs_V_1 = bitconcatenate i51 @_ssdm_op_BitConcatenate.i51.i8.i1.i40.i2, i8 %Z2_V, i1 0, i40 %tmp_20, i2 0"   --->   Operation 119 'bitconcatenate' 'lhs_V_1' <Predicate = true> <Delay = 0.00>
ST_5 : Operation 120 [1/1] (0.00ns)   --->   "%zext_ln1199_1 = zext i51 %lhs_V_1"   --->   Operation 120 'zext' 'zext_ln1199_1' <Predicate = true> <Delay = 0.00>
ST_5 : Operation 121 [1/1] (0.00ns)   --->   "%trunc_ln666_5 = partselect i36 @_ssdm_op_PartSelect.i36.i93.i32.i32, i93 %r_V_15, i32 57, i32 92"   --->   Operation 121 'partselect' 'trunc_ln666_5' <Predicate = true> <Delay = 0.00>
ST_5 : Operation 122 [1/1] (0.00ns)   --->   "%zext_ln666_4 = zext i36 %trunc_ln666_5"   --->   Operation 122 'zext' 'zext_ln666_4' <Predicate = true> <Delay = 0.00>
ST_5 : Operation 123 [1/1] (1.06ns)   --->   "%add_ln666_2 = add i44 %exp_Z2P_m_1_V, i44 %zext_ln666_4"   --->   Operation 123 'add' 'add_ln666_2' <Predicate = true> <Delay = 1.06> <CoreInst = "Adder">   --->   Core 1 'Adder' <Latency = 0> <II = 1> <Delay = 0.79> <FuncUnit> <Opcode : 'add' 'sub'> <InPorts = 2> <OutPorts = 1>
ST_5 : Operation 124 [1/1] (0.00ns)   --->   "%zext_ln666_5 = zext i44 %add_ln666_2"   --->   Operation 124 'zext' 'zext_ln666_5' <Predicate = true> <Delay = 0.00>
ST_5 : Operation 125 [1/1] (1.10ns)   --->   "%exp_Z1P_m_1_l_V = add i52 %zext_ln666_5, i52 %zext_ln1199_1"   --->   Operation 125 'add' 'exp_Z1P_m_1_l_V' <Predicate = true> <Delay = 1.10> <CoreInst = "Adder">   --->   Core 1 'Adder' <Latency = 0> <II = 1> <Delay = 0.79> <FuncUnit> <Opcode : 'add' 'sub'> <InPorts = 2> <OutPorts = 1>
ST_5 : Operation 126 [1/1] (0.00ns)   --->   "%exp_Z1P_m_1_V = partselect i50 @_ssdm_op_PartSelect.i50.i52.i32.i32, i52 %exp_Z1P_m_1_l_V, i32 2, i32 51"   --->   Operation 126 'partselect' 'exp_Z1P_m_1_V' <Predicate = true> <Delay = 0.00>

State 6 <SV = 5> <Delay = 8.86>
ST_6 : Operation 127 [1/1] (0.00ns)   --->   "%specpipeline_ln0 = specpipeline void @_ssdm_op_SpecPipeline, i32 4294967295, i32 0, i32 0, i32 0, void @empty_20"   --->   Operation 127 'specpipeline' 'specpipeline_ln0' <Predicate = true> <Delay = 0.00>
ST_6 : Operation 128 [1/1] (0.28ns)   --->   "%y_is_inf = and i1 %icmp_ln1003, i1 %icmp_ln1003_1" [/wrk/ci/prod/2021.1/rdi_builds/continuous/2021_06_10_3247384/src/shared/hls/clib/hlsmath/include/FloatingPoint/hls_isinf.h:18]   --->   Operation 128 'and' 'y_is_inf' <Predicate = true> <Delay = 0.28> <CoreInst = "LogicGate">   --->   Core 74 'LogicGate' <Latency = 0> <II = 1> <Delay = 0.28> <FuncUnit> <Opcode : 'and' 'or' 'xor'> <InPorts = 2> <OutPorts = 1>
ST_6 : Operation 129 [1/1] (0.00ns) (grouped into LUT with out node or_ln407)   --->   "%xor_ln1007 = xor i1 %icmp_ln1003_1, i1 1"   --->   Operation 129 'xor' 'xor_ln1007' <Predicate = true> <Delay = 0.00> <CoreInst = "LogicGate">   --->   Core 74 'LogicGate' <Latency = 0> <II = 1> <Delay = 0.28> <FuncUnit> <Opcode : 'and' 'or' 'xor'> <InPorts = 2> <OutPorts = 1>
ST_6 : Operation 130 [1/1] (0.00ns) (grouped into LUT with out node or_ln407)   --->   "%y_is_NaN = and i1 %icmp_ln1003, i1 %xor_ln1007" [/wrk/ci/prod/2021.1/rdi_builds/continuous/2021_06_10_3247384/src/shared/hls/clib/hlsmath/include/FloatingPoint/hls_isnan.h:18]   --->   Operation 130 'and' 'y_is_NaN' <Predicate = true> <Delay = 0.00> <CoreInst = "LogicGate">   --->   Core 74 'LogicGate' <Latency = 0> <II = 1> <Delay = 0.28> <FuncUnit> <Opcode : 'and' 'or' 'xor'> <InPorts = 2> <OutPorts = 1>
ST_6 : Operation 131 [1/1] (0.28ns) (out node of the LUT)   --->   "%or_ln407 = or i1 %y_is_0, i1 %y_is_NaN" [/wrk/ci/prod/2021.1/rdi_builds/continuous/2021_06_10_3247384/src/shared/hls/clib/hlsmath/include/FloatingPoint/hls_pow.h:407]   --->   Operation 131 'or' 'or_ln407' <Predicate = true> <Delay = 0.28> <CoreInst = "LogicGate">   --->   Core 74 'LogicGate' <Latency = 0> <II = 1> <Delay = 0.28> <FuncUnit> <Opcode : 'and' 'or' 'xor'> <InPorts = 2> <OutPorts = 1>
ST_6 : Operation 132 [1/1] (0.00ns) (grouped into LUT with out node select_ln1023)   --->   "%select_ln407 = select i1 %y_is_0, i64 1, i64 nan" [/wrk/ci/prod/2021.1/rdi_builds/continuous/2021_06_10_3247384/src/shared/hls/clib/hlsmath/include/FloatingPoint/hls_pow.h:407]   --->   Operation 132 'select' 'select_ln407' <Predicate = true> <Delay = 0.00> <CoreInst = "Sel">   --->   Core 73 'Sel' <Latency = 0> <II = 1> <Delay = 0.42> <FuncUnit> <Opcode : 'select'> <InPorts = 3> <OutPorts = 1>
ST_6 : Operation 133 [1/1] (0.00ns) (grouped into LUT with out node or_ln1023_1)   --->   "%xor_ln964 = xor i1 %p_Result_16, i1 1"   --->   Operation 133 'xor' 'xor_ln964' <Predicate = true> <Delay = 0.00> <CoreInst = "LogicGate">   --->   Core 74 'LogicGate' <Latency = 0> <II = 1> <Delay = 0.28> <FuncUnit> <Opcode : 'and' 'or' 'xor'> <InPorts = 2> <OutPorts = 1>
ST_6 : Operation 134 [1/1] (0.28ns)   --->   "%and_ln467 = and i1 %y_is_inf, i1 %p_Result_16" [/wrk/ci/prod/2021.1/rdi_builds/continuous/2021_06_10_3247384/src/shared/hls/clib/hlsmath/include/FloatingPoint/hls_pow.h:467]   --->   Operation 134 'and' 'and_ln467' <Predicate = true> <Delay = 0.28> <CoreInst = "LogicGate">   --->   Core 74 'LogicGate' <Latency = 0> <II = 1> <Delay = 0.28> <FuncUnit> <Opcode : 'and' 'or' 'xor'> <InPorts = 2> <OutPorts = 1>
ST_6 : Operation 135 [1/2] (1.23ns)   --->   "%exp_Z1_V = load i8 %pow_reduce_anonymous_namespace_table_exp_Z1_ap_ufixed_58_1_ap_q_mode_5_ap_o_mode_3_0_array_V_addr" [/wrk/ci/prod/2021.1/rdi_builds/continuous/2021_06_10_3247384/src/shared/hls/clib/hlsmath/include/FloatingPoint/hls_pow.h:640]   --->   Operation 135 'load' 'exp_Z1_V' <Predicate = true> <Delay = 1.23> <CoreInst = "ROM">   --->   Core 101 'ROM' <Latency = 1> <II = 1> <Delay = 1.23> <Storage> <Opcode : 'load'> <Ports = 0> <Width = 58> <Depth = 256> <ROM>
ST_6 : Operation 136 [1/1] (0.00ns)   --->   "%exp_Z1_hi_V = partselect i50 @_ssdm_op_PartSelect.i50.i58.i32.i32, i58 %exp_Z1_V, i32 8, i32 57"   --->   Operation 136 'partselect' 'exp_Z1_hi_V' <Predicate = true> <Delay = 0.00>
ST_6 : Operation 137 [1/1] (1.09ns)   --->   "%ret_V_11 = add i58 %exp_Z1_V, i58 16"   --->   Operation 137 'add' 'ret_V_11' <Predicate = true> <Delay = 1.09> <CoreInst = "Adder">   --->   Core 1 'Adder' <Latency = 0> <II = 1> <Delay = 0.79> <FuncUnit> <Opcode : 'add' 'sub'> <InPorts = 2> <OutPorts = 1>
ST_6 : Operation 138 [1/1] (0.00ns)   --->   "%zext_ln1123 = zext i50 %exp_Z1_hi_V"   --->   Operation 138 'zext' 'zext_ln1123' <Predicate = true> <Delay = 0.00>
ST_6 : Operation 139 [1/1] (0.00ns)   --->   "%zext_ln1125_2 = zext i50 %exp_Z1P_m_1_V"   --->   Operation 139 'zext' 'zext_ln1125_2' <Predicate = true> <Delay = 0.00>
ST_6 : Operation 140 [1/1] (3.90ns)   --->   "%r_V_19 = mul i100 %zext_ln1125_2, i100 %zext_ln1123"   --->   Operation 140 'mul' 'r_V_19' <Predicate = true> <Delay = 3.90> <CoreInst = "Multiplier">   --->   Core 3 'Multiplier' <Latency = 0> <II = 1> <Delay = 3.90> <FuncUnit> <Opcode : 'mul'> <InPorts = 2> <OutPorts = 1>
ST_6 : Operation 141 [1/1] (0.00ns)   --->   "%lhs_V_4 = bitconcatenate i107 @_ssdm_op_BitConcatenate.i107.i58.i49, i58 %ret_V_11, i49 0"   --->   Operation 141 'bitconcatenate' 'lhs_V_4' <Predicate = true> <Delay = 0.00>
ST_6 : Operation 142 [1/1] (0.00ns)   --->   "%zext_ln1199_2 = zext i100 %r_V_19"   --->   Operation 142 'zext' 'zext_ln1199_2' <Predicate = true> <Delay = 0.00>
ST_6 : Operation 143 [1/1] (0.00ns)   --->   "%zext_ln1199_3 = zext i100 %r_V_19"   --->   Operation 143 'zext' 'zext_ln1199_3' <Predicate = true> <Delay = 0.00>
ST_6 : Operation 144 [1/1] (0.00ns)   --->   "%trunc_ln1199 = trunc i58 %ret_V_11"   --->   Operation 144 'trunc' 'trunc_ln1199' <Predicate = true> <Delay = 0.00>
ST_6 : Operation 145 [1/1] (0.00ns)   --->   "%trunc_ln1 = bitconcatenate i106 @_ssdm_op_BitConcatenate.i106.i57.i49, i57 %trunc_ln1199, i49 0"   --->   Operation 145 'bitconcatenate' 'trunc_ln1' <Predicate = true> <Delay = 0.00>
ST_6 : Operation 146 [1/1] (0.00ns)   --->   "%zext_ln1199_4 = zext i100 %r_V_19"   --->   Operation 146 'zext' 'zext_ln1199_4' <Predicate = true> <Delay = 0.00>
ST_6 : Operation 147 [1/1] (0.00ns)   --->   "%trunc_ln1199_2 = trunc i58 %ret_V_11"   --->   Operation 147 'trunc' 'trunc_ln1199_2' <Predicate = true> <Delay = 0.00>
ST_6 : Operation 148 [1/1] (0.00ns)   --->   "%trunc_ln1199_1 = bitconcatenate i105 @_ssdm_op_BitConcatenate.i105.i56.i49, i56 %trunc_ln1199_2, i49 0"   --->   Operation 148 'bitconcatenate' 'trunc_ln1199_1' <Predicate = true> <Delay = 0.00>
ST_6 : Operation 149 [1/1] (1.41ns)   --->   "%ret_V_6 = add i107 %lhs_V_4, i107 %zext_ln1199_2"   --->   Operation 149 'add' 'ret_V_6' <Predicate = true> <Delay = 1.41> <CoreInst = "Adder">   --->   Core 1 'Adder' <Latency = 0> <II = 1> <Delay = 0.79> <FuncUnit> <Opcode : 'add' 'sub'> <InPorts = 2> <OutPorts = 1>
ST_6 : Operation 150 [1/1] (1.40ns)   --->   "%add_ln1199_1 = add i105 %trunc_ln1199_1, i105 %zext_ln1199_4"   --->   Operation 150 'add' 'add_ln1199_1' <Predicate = true> <Delay = 1.40> <CoreInst = "Adder">   --->   Core 1 'Adder' <Latency = 0> <II = 1> <Delay = 0.79> <FuncUnit> <Opcode : 'add' 'sub'> <InPorts = 2> <OutPorts = 1>
ST_6 : Operation 151 [1/1] (1.40ns)   --->   "%add_ln1199_2 = add i106 %trunc_ln1, i106 %zext_ln1199_3"   --->   Operation 151 'add' 'add_ln1199_2' <Predicate = true> <Delay = 1.40> <CoreInst = "Adder">   --->   Core 1 'Adder' <Latency = 0> <II = 1> <Delay = 0.79> <FuncUnit> <Opcode : 'add' 'sub'> <InPorts = 2> <OutPorts = 1>
ST_6 : Operation 152 [1/1] (0.00ns)   --->   "%tmp_33 = bitselect i1 @_ssdm_op_BitSelect.i1.i107.i32, i107 %ret_V_6, i32 106"   --->   Operation 152 'bitselect' 'tmp_33' <Predicate = true> <Delay = 0.00>
ST_6 : Operation 153 [1/1] (0.82ns)   --->   "%r_exp_V = add i13 %ret_V_8, i13 8191"   --->   Operation 153 'add' 'r_exp_V' <Predicate = true> <Delay = 0.82> <CoreInst = "Adder">   --->   Core 1 'Adder' <Latency = 0> <II = 1> <Delay = 0.79> <FuncUnit> <Opcode : 'add' 'sub'> <InPorts = 2> <OutPorts = 1>
ST_6 : Operation 154 [1/1] (0.30ns)   --->   "%r_exp_V_2 = select i1 %tmp_33, i13 %ret_V_8, i13 %r_exp_V" [/wrk/ci/prod/2021.1/rdi_builds/continuous/2021_06_10_3247384/src/shared/hls/clib/hlsmath/include/FloatingPoint/hls_pow.h:651]   --->   Operation 154 'select' 'r_exp_V_2' <Predicate = true> <Delay = 0.30> <CoreInst = "Sel">   --->   Core 73 'Sel' <Latency = 0> <II = 1> <Delay = 0.42> <FuncUnit> <Opcode : 'select'> <InPorts = 3> <OutPorts = 1>
ST_6 : Operation 155 [1/1] (0.00ns) (grouped into LUT with out node or_ln657)   --->   "%and_ln657 = and i1 %icmp_ln657, i1 %icmp_ln1506" [/wrk/ci/prod/2021.1/rdi_builds/continuous/2021_06_10_3247384/src/shared/hls/clib/hlsmath/include/FloatingPoint/hls_pow.h:657]   --->   Operation 155 'and' 'and_ln657' <Predicate = true> <Delay = 0.00> <CoreInst = "LogicGate">   --->   Core 74 'LogicGate' <Latency = 0> <II = 1> <Delay = 0.28> <FuncUnit> <Opcode : 'and' 'or' 'xor'> <InPorts = 2> <OutPorts = 1>
ST_6 : Operation 156 [1/1] (0.00ns)   --->   "%tmp_34 = partselect i3 @_ssdm_op_PartSelect.i3.i13.i32.i32, i13 %r_exp_V_2, i32 10, i32 12"   --->   Operation 156 'partselect' 'tmp_34' <Predicate = true> <Delay = 0.00>
ST_6 : Operation 157 [1/1] (0.58ns)   --->   "%icmp_ln1019 = icmp_sgt  i3 %tmp_34, i3 0"   --->   Operation 157 'icmp' 'icmp_ln1019' <Predicate = true> <Delay = 0.58> <CoreInst = "Cmp">   --->   Core 9 'Cmp' <Latency = 0> <II = 1> <Delay = 1.00> <FuncUnit> <Opcode : 'icmp'> <InPorts = 2> <OutPorts = 1>
ST_6 : Operation 158 [1/1] (0.28ns) (out node of the LUT)   --->   "%or_ln657 = or i1 %and_ln657, i1 %icmp_ln1019" [/wrk/ci/prod/2021.1/rdi_builds/continuous/2021_06_10_3247384/src/shared/hls/clib/hlsmath/include/FloatingPoint/hls_pow.h:657]   --->   Operation 158 'or' 'or_ln657' <Predicate = true> <Delay = 0.28> <CoreInst = "LogicGate">   --->   Core 74 'LogicGate' <Latency = 0> <II = 1> <Delay = 0.28> <FuncUnit> <Opcode : 'and' 'or' 'xor'> <InPorts = 2> <OutPorts = 1>
ST_6 : Operation 159 [1/1] (0.00ns) (grouped into LUT with out node select_ln657)   --->   "%tmp_35 = bitselect i1 @_ssdm_op_BitSelect.i1.i122.i32, i122 %m_frac_l_V, i32 121"   --->   Operation 159 'bitselect' 'tmp_35' <Predicate = true> <Delay = 0.00>
ST_6 : Operation 160 [1/1] (0.00ns) (grouped into LUT with out node select_ln657)   --->   "%select_ln658 = select i1 %tmp_35, i64 0, i64 inf" [/wrk/ci/prod/2021.1/rdi_builds/continuous/2021_06_10_3247384/src/shared/hls/clib/hlsmath/include/FloatingPoint/hls_pow.h:658]   --->   Operation 160 'select' 'select_ln658' <Predicate = true> <Delay = 0.00> <CoreInst = "Sel">   --->   Core 73 'Sel' <Latency = 0> <II = 1> <Delay = 0.42> <FuncUnit> <Opcode : 'select'> <InPorts = 3> <OutPorts = 1>
ST_6 : Operation 161 [1/1] (1.00ns)   --->   "%icmp_ln1023 = icmp_slt  i13 %r_exp_V_2, i13 7170"   --->   Operation 161 'icmp' 'icmp_ln1023' <Predicate = true> <Delay = 1.00> <CoreInst = "Cmp">   --->   Core 9 'Cmp' <Latency = 0> <II = 1> <Delay = 1.00> <FuncUnit> <Opcode : 'icmp'> <InPorts = 2> <OutPorts = 1>
ST_6 : Operation 162 [1/1] (0.00ns) (grouped into LUT with out node select_ln657)   --->   "%tmp = partselect i52 @_ssdm_op_PartSelect.i52.i106.i32.i32, i106 %add_ln1199_2, i32 54, i32 105"   --->   Operation 162 'partselect' 'tmp' <Predicate = true> <Delay = 0.00>
ST_6 : Operation 163 [1/1] (0.00ns) (grouped into LUT with out node select_ln657)   --->   "%tmp_s = partselect i52 @_ssdm_op_PartSelect.i52.i105.i32.i32, i105 %add_ln1199_1, i32 53, i32 104"   --->   Operation 163 'partselect' 'tmp_s' <Predicate = true> <Delay = 0.00>
ST_6 : Operation 164 [1/1] (0.00ns) (grouped into LUT with out node select_ln657)   --->   "%tmp_39 = select i1 %tmp_33, i52 %tmp, i52 %tmp_s" [/wrk/ci/prod/2021.1/rdi_builds/continuous/2021_06_10_3247384/src/shared/hls/clib/hlsmath/include/FloatingPoint/hls_pow.h:651]   --->   Operation 164 'select' 'tmp_39' <Predicate = true> <Delay = 0.00> <CoreInst = "Sel">   --->   Core 73 'Sel' <Latency = 0> <II = 1> <Delay = 0.42> <FuncUnit> <Opcode : 'select'> <InPorts = 3> <OutPorts = 1>
ST_6 : Operation 165 [1/1] (0.00ns)   --->   "%trunc_ln177 = trunc i13 %r_exp_V_2"   --->   Operation 165 'trunc' 'trunc_ln177' <Predicate = true> <Delay = 0.00>
ST_6 : Operation 166 [1/1] (0.79ns)   --->   "%out_exp_V = add i11 %trunc_ln177, i11 1023"   --->   Operation 166 'add' 'out_exp_V' <Predicate = true> <Delay = 0.79> <CoreInst = "Adder">   --->   Core 1 'Adder' <Latency = 0> <II = 1> <Delay = 0.79> <FuncUnit> <Opcode : 'add' 'sub'> <InPorts = 2> <OutPorts = 1>
ST_6 : Operation 167 [1/1] (0.00ns) (grouped into LUT with out node select_ln657)   --->   "%p_Result_19 = bitconcatenate i64 @_ssdm_op_BitConcatenate.i64.i1.i11.i52, i1 0, i11 %out_exp_V, i52 %tmp_39"   --->   Operation 167 'bitconcatenate' 'p_Result_19' <Predicate = true> <Delay = 0.00>
ST_6 : Operation 168 [1/1] (0.00ns) (grouped into LUT with out node select_ln657)   --->   "%bitcast_ln521 = bitcast i64 %p_Result_19" [/wrk/ci/prod/2021.1/rdi_builds/continuous/2021_06_10_3247384/src/shared/hls/clib/src/hls/utils/x_hls_utils.h:521]   --->   Operation 168 'bitcast' 'bitcast_ln521' <Predicate = true> <Delay = 0.00>
ST_6 : Operation 169 [1/1] (0.28ns)   --->   "%xor_ln407 = xor i1 %or_ln407, i1 1" [/wrk/ci/prod/2021.1/rdi_builds/continuous/2021_06_10_3247384/src/shared/hls/clib/hlsmath/include/FloatingPoint/hls_pow.h:407]   --->   Operation 169 'xor' 'xor_ln407' <Predicate = true> <Delay = 0.28> <CoreInst = "LogicGate">   --->   Core 74 'LogicGate' <Latency = 0> <II = 1> <Delay = 0.28> <FuncUnit> <Opcode : 'and' 'or' 'xor'> <InPorts = 2> <OutPorts = 1>
ST_6 : Operation 170 [1/1] (0.00ns) (grouped into LUT with out node and_ln467_2)   --->   "%xor_ln460 = xor i1 %y_is_inf, i1 1" [/wrk/ci/prod/2021.1/rdi_builds/continuous/2021_06_10_3247384/src/shared/hls/clib/hlsmath/include/FloatingPoint/hls_pow.h:460]   --->   Operation 170 'xor' 'xor_ln460' <Predicate = true> <Delay = 0.00> <CoreInst = "LogicGate">   --->   Core 74 'LogicGate' <Latency = 0> <II = 1> <Delay = 0.28> <FuncUnit> <Opcode : 'and' 'or' 'xor'> <InPorts = 2> <OutPorts = 1>
ST_6 : Operation 171 [1/1] (0.00ns) (grouped into LUT with out node and_ln467_2)   --->   "%or_ln460 = or i1 %p_Result_16, i1 %xor_ln460" [/wrk/ci/prod/2021.1/rdi_builds/continuous/2021_06_10_3247384/src/shared/hls/clib/hlsmath/include/FloatingPoint/hls_pow.h:460]   --->   Operation 171 'or' 'or_ln460' <Predicate = true> <Delay = 0.00> <CoreInst = "LogicGate">   --->   Core 74 'LogicGate' <Latency = 0> <II = 1> <Delay = 0.28> <FuncUnit> <Opcode : 'and' 'or' 'xor'> <InPorts = 2> <OutPorts = 1>
ST_6 : Operation 172 [1/1] (0.00ns) (grouped into LUT with out node and_ln467_2)   --->   "%xor_ln467 = xor i1 %and_ln467, i1 1" [/wrk/ci/prod/2021.1/rdi_builds/continuous/2021_06_10_3247384/src/shared/hls/clib/hlsmath/include/FloatingPoint/hls_pow.h:467]   --->   Operation 172 'xor' 'xor_ln467' <Predicate = true> <Delay = 0.00> <CoreInst = "LogicGate">   --->   Core 74 'LogicGate' <Latency = 0> <II = 1> <Delay = 0.28> <FuncUnit> <Opcode : 'and' 'or' 'xor'> <InPorts = 2> <OutPorts = 1>
ST_6 : Operation 173 [1/1] (0.00ns) (grouped into LUT with out node and_ln467_2)   --->   "%and_ln467_1 = and i1 %xor_ln407, i1 %xor_ln467" [/wrk/ci/prod/2021.1/rdi_builds/continuous/2021_06_10_3247384/src/shared/hls/clib/hlsmath/include/FloatingPoint/hls_pow.h:467]   --->   Operation 173 'and' 'and_ln467_1' <Predicate = true> <Delay = 0.00> <CoreInst = "LogicGate">   --->   Core 74 'LogicGate' <Latency = 0> <II = 1> <Delay = 0.28> <FuncUnit> <Opcode : 'and' 'or' 'xor'> <InPorts = 2> <OutPorts = 1>
ST_6 : Operation 174 [1/1] (0.28ns) (out node of the LUT)   --->   "%and_ln467_2 = and i1 %and_ln467_1, i1 %or_ln460" [/wrk/ci/prod/2021.1/rdi_builds/continuous/2021_06_10_3247384/src/shared/hls/clib/hlsmath/include/FloatingPoint/hls_pow.h:467]   --->   Operation 174 'and' 'and_ln467_2' <Predicate = true> <Delay = 0.28> <CoreInst = "LogicGate">   --->   Core 74 'LogicGate' <Latency = 0> <II = 1> <Delay = 0.28> <FuncUnit> <Opcode : 'and' 'or' 'xor'> <InPorts = 2> <OutPorts = 1>
ST_6 : Operation 175 [1/1] (0.00ns) (grouped into LUT with out node select_ln657)   --->   "%and_ln657_1 = and i1 %and_ln467_2, i1 %or_ln657" [/wrk/ci/prod/2021.1/rdi_builds/continuous/2021_06_10_3247384/src/shared/hls/clib/hlsmath/include/FloatingPoint/hls_pow.h:657]   --->   Operation 175 'and' 'and_ln657_1' <Predicate = true> <Delay = 0.00> <CoreInst = "LogicGate">   --->   Core 74 'LogicGate' <Latency = 0> <II = 1> <Delay = 0.28> <FuncUnit> <Opcode : 'and' 'or' 'xor'> <InPorts = 2> <OutPorts = 1>
ST_6 : Operation 176 [1/1] (0.44ns) (out node of the LUT)   --->   "%select_ln657 = select i1 %and_ln657_1, i64 %select_ln658, i64 %bitcast_ln521" [/wrk/ci/prod/2021.1/rdi_builds/continuous/2021_06_10_3247384/src/shared/hls/clib/hlsmath/include/FloatingPoint/hls_pow.h:657]   --->   Operation 176 'select' 'select_ln657' <Predicate = true> <Delay = 0.44> <CoreInst = "Sel">   --->   Core 73 'Sel' <Latency = 0> <II = 1> <Delay = 0.42> <FuncUnit> <Opcode : 'select'> <InPorts = 3> <OutPorts = 1>
ST_6 : Operation 177 [1/1] (0.00ns) (grouped into LUT with out node select_ln1023)   --->   "%select_ln407_1 = select i1 %or_ln407, i64 %select_ln407, i64 %select_ln657" [/wrk/ci/prod/2021.1/rdi_builds/continuous/2021_06_10_3247384/src/shared/hls/clib/hlsmath/include/FloatingPoint/hls_pow.h:407]   --->   Operation 177 'select' 'select_ln407_1' <Predicate = true> <Delay = 0.00> <CoreInst = "Sel">   --->   Core 73 'Sel' <Latency = 0> <II = 1> <Delay = 0.42> <FuncUnit> <Opcode : 'select'> <InPorts = 3> <OutPorts = 1>
ST_6 : Operation 178 [1/1] (0.00ns) (grouped into LUT with out node or_ln1023_1)   --->   "%and_ln460 = and i1 %xor_ln964, i1 %xor_ln407" [/wrk/ci/prod/2021.1/rdi_builds/continuous/2021_06_10_3247384/src/shared/hls/clib/hlsmath/include/FloatingPoint/hls_pow.h:460]   --->   Operation 178 'and' 'and_ln460' <Predicate = true> <Delay = 0.00> <CoreInst = "LogicGate">   --->   Core 74 'LogicGate' <Latency = 0> <II = 1> <Delay = 0.28> <FuncUnit> <Opcode : 'and' 'or' 'xor'> <InPorts = 2> <OutPorts = 1>
ST_6 : Operation 179 [1/1] (0.00ns) (grouped into LUT with out node or_ln1023_1)   --->   "%and_ln460_1 = and i1 %and_ln460, i1 %y_is_inf" [/wrk/ci/prod/2021.1/rdi_builds/continuous/2021_06_10_3247384/src/shared/hls/clib/hlsmath/include/FloatingPoint/hls_pow.h:460]   --->   Operation 179 'and' 'and_ln460_1' <Predicate = true> <Delay = 0.00> <CoreInst = "LogicGate">   --->   Core 74 'LogicGate' <Latency = 0> <II = 1> <Delay = 0.28> <FuncUnit> <Opcode : 'and' 'or' 'xor'> <InPorts = 2> <OutPorts = 1>
ST_6 : Operation 180 [1/1] (0.00ns) (grouped into LUT with out node or_ln1023)   --->   "%and_ln467_3 = and i1 %and_ln467, i1 %xor_ln407" [/wrk/ci/prod/2021.1/rdi_builds/continuous/2021_06_10_3247384/src/shared/hls/clib/hlsmath/include/FloatingPoint/hls_pow.h:467]   --->   Operation 180 'and' 'and_ln467_3' <Predicate = true> <Delay = 0.00> <CoreInst = "LogicGate">   --->   Core 74 'LogicGate' <Latency = 0> <II = 1> <Delay = 0.28> <FuncUnit> <Opcode : 'and' 'or' 'xor'> <InPorts = 2> <OutPorts = 1>
ST_6 : Operation 181 [1/1] (0.00ns) (grouped into LUT with out node or_ln1023)   --->   "%xor_ln657 = xor i1 %or_ln657, i1 1" [/wrk/ci/prod/2021.1/rdi_builds/continuous/2021_06_10_3247384/src/shared/hls/clib/hlsmath/include/FloatingPoint/hls_pow.h:657]   --->   Operation 181 'xor' 'xor_ln657' <Predicate = true> <Delay = 0.00> <CoreInst = "LogicGate">   --->   Core 74 'LogicGate' <Latency = 0> <II = 1> <Delay = 0.28> <FuncUnit> <Opcode : 'and' 'or' 'xor'> <InPorts = 2> <OutPorts = 1>
ST_6 : Operation 182 [1/1] (0.00ns) (grouped into LUT with out node or_ln1023)   --->   "%and_ln1023 = and i1 %icmp_ln1023, i1 %xor_ln657"   --->   Operation 182 'and' 'and_ln1023' <Predicate = true> <Delay = 0.00> <CoreInst = "LogicGate">   --->   Core 74 'LogicGate' <Latency = 0> <II = 1> <Delay = 0.28> <FuncUnit> <Opcode : 'and' 'or' 'xor'> <InPorts = 2> <OutPorts = 1>
ST_6 : Operation 183 [1/1] (0.00ns) (grouped into LUT with out node or_ln1023)   --->   "%and_ln1023_1 = and i1 %and_ln1023, i1 %and_ln467_2"   --->   Operation 183 'and' 'and_ln1023_1' <Predicate = true> <Delay = 0.00> <CoreInst = "LogicGate">   --->   Core 74 'LogicGate' <Latency = 0> <II = 1> <Delay = 0.28> <FuncUnit> <Opcode : 'and' 'or' 'xor'> <InPorts = 2> <OutPorts = 1>
ST_6 : Operation 184 [1/1] (0.28ns) (out node of the LUT)   --->   "%or_ln1023 = or i1 %and_ln1023_1, i1 %and_ln467_3"   --->   Operation 184 'or' 'or_ln1023' <Predicate = true> <Delay = 0.28> <CoreInst = "LogicGate">   --->   Core 74 'LogicGate' <Latency = 0> <II = 1> <Delay = 0.28> <FuncUnit> <Opcode : 'and' 'or' 'xor'> <InPorts = 2> <OutPorts = 1>
ST_6 : Operation 185 [1/1] (0.00ns) (grouped into LUT with out node select_ln1023)   --->   "%select_ln1023_1 = select i1 %or_ln1023, i64 0, i64 inf"   --->   Operation 185 'select' 'select_ln1023_1' <Predicate = true> <Delay = 0.00> <CoreInst = "Sel">   --->   Core 73 'Sel' <Latency = 0> <II = 1> <Delay = 0.42> <FuncUnit> <Opcode : 'select'> <InPorts = 3> <OutPorts = 1>
ST_6 : Operation 186 [1/1] (0.28ns) (out node of the LUT)   --->   "%or_ln1023_1 = or i1 %or_ln1023, i1 %and_ln460_1"   --->   Operation 186 'or' 'or_ln1023_1' <Predicate = true> <Delay = 0.28> <CoreInst = "LogicGate">   --->   Core 74 'LogicGate' <Latency = 0> <II = 1> <Delay = 0.28> <FuncUnit> <Opcode : 'and' 'or' 'xor'> <InPorts = 2> <OutPorts = 1>
ST_6 : Operation 187 [1/1] (0.42ns) (out node of the LUT)   --->   "%select_ln1023 = select i1 %or_ln1023_1, i64 %select_ln1023_1, i64 %select_ln407_1"   --->   Operation 187 'select' 'select_ln1023' <Predicate = true> <Delay = 0.42> <CoreInst = "Sel">   --->   Core 73 'Sel' <Latency = 0> <II = 1> <Delay = 0.42> <FuncUnit> <Opcode : 'select'> <InPorts = 3> <OutPorts = 1>
ST_6 : Operation 188 [1/1] (0.00ns)   --->   "%ret_ln690 = ret i64 %select_ln1023" [/wrk/ci/prod/2021.1/rdi_builds/continuous/2021_06_10_3247384/src/shared/hls/clib/hlsmath/include/FloatingPoint/hls_pow.h:690]   --->   Operation 188 'ret' 'ret_ln690' <Predicate = true> <Delay = 0.00>


============================================================
+ Verbose Summary: Timing violations
============================================================
Target clock period: 20ns, clock uncertainty: 5.4ns.

 <State 1>: 10.3ns
The critical path consists of the following:
	wire read operation ('exp_read', /wrk/ci/prod/2021.1/rdi_builds/continuous/2021_06_10_3247384/src/shared/hls/clib/src/hls/utils/x_hls_utils.h:483) on port 'exp' (/wrk/ci/prod/2021.1/rdi_builds/continuous/2021_06_10_3247384/src/shared/hls/clib/src/hls/utils/x_hls_utils.h:483) [6]  (0 ns)
	'sub' operation ('e_frac.V') [24]  (1.1 ns)
	'select' operation ('e_frac.V', /wrk/ci/prod/2021.1/rdi_builds/continuous/2021_06_10_3247384/src/shared/hls/clib/hlsmath/include/FloatingPoint/hls_pow.h:566) [25]  (0.406 ns)
	'mul' operation ('m_frac_l.V') [27]  (4.74 ns)
	'shl' operation ('r.V') [55]  (0 ns)
	'select' operation ('r.V') [60]  (1.52 ns)
	'select' operation ('select_ln578', /wrk/ci/prod/2021.1/rdi_builds/continuous/2021_06_10_3247384/src/shared/hls/clib/hlsmath/include/FloatingPoint/hls_pow.h:578) [61]  (1.52 ns)
	'mul' operation of DSP[68] ('r.V') [65]  (0.996 ns)

 <State 2>: 0.996ns
The critical path consists of the following:
	'mul' operation of DSP[68] ('r.V') [65]  (0.996 ns)

 <State 3>: 0.645ns
The critical path consists of the following:
	'mul' operation of DSP[68] ('r.V') [65]  (0 ns)
	'add' operation of DSP[68] ('ret.V') [68]  (0.645 ns)

 <State 4>: 9.19ns
The critical path consists of the following:
	'add' operation of DSP[68] ('ret.V') [68]  (0.645 ns)
	'icmp' operation ('icmp_ln856') [72]  (1.09 ns)
	'select' operation ('select_ln855') [74]  (0 ns)
	'select' operation ('ret.V') [75]  (0.303 ns)
	'mul' operation ('r.V') [77]  (4.82 ns)
	'sub' operation ('m_diff.V') [80]  (1.09 ns)
	'getelementptr' operation ('pow_reduce_anonymous_namespace_table_f_Z3_ap_ufixed_59_0_ap_q_mode_5_ap_o_mode_3_0_array_V_addr') [90]  (0 ns)
	'load' operation ('pow_reduce_anonymous_namespace_table_f_Z3_ap_ufixed_59_0_ap_q_mode_5_ap_o_mode_3_0_array_V_load') on array 'pow_reduce_anonymous_namespace_table_f_Z3_ap_ufixed_59_0_ap_q_mode_5_ap_o_mode_3_0_array_V' [91]  (1.24 ns)

 <State 5>: 14.1ns
The critical path consists of the following:
	'load' operation ('pow_reduce_anonymous_namespace_table_f_Z3_ap_ufixed_59_0_ap_q_mode_5_ap_o_mode_3_0_array_V_load') on array 'pow_reduce_anonymous_namespace_table_f_Z3_ap_ufixed_59_0_ap_q_mode_5_ap_o_mode_3_0_array_V' [91]  (1.24 ns)
	'add' operation ('ret.V') [95]  (1.02 ns)
	'mul' operation ('r.V') [103]  (3.68 ns)
	'add' operation ('add_ln666') [106]  (1.02 ns)
	'add' operation ('exp_Z2P_m_1.V') [108]  (1.05 ns)
	'mul' operation ('r.V') [116]  (3.9 ns)
	'add' operation ('add_ln666_2') [121]  (1.06 ns)
	'add' operation ('exp_Z1P_m_1_l.V') [123]  (1.1 ns)

 <State 6>: 8.86ns
The critical path consists of the following:
	'load' operation ('exp_Z1.V', /wrk/ci/prod/2021.1/rdi_builds/continuous/2021_06_10_3247384/src/shared/hls/clib/hlsmath/include/FloatingPoint/hls_pow.h:640) on array 'pow_reduce_anonymous_namespace_table_exp_Z1_ap_ufixed_58_1_ap_q_mode_5_ap_o_mode_3_0_array_V' [84]  (1.24 ns)
	'mul' operation ('r.V') [129]  (3.9 ns)
	'add' operation ('ret.V') [138]  (1.42 ns)
	'select' operation ('r_exp.V', /wrk/ci/prod/2021.1/rdi_builds/continuous/2021_06_10_3247384/src/shared/hls/clib/hlsmath/include/FloatingPoint/hls_pow.h:651) [143]  (0.303 ns)
	'icmp' operation ('icmp_ln1023') [152]  (1.01 ns)
	'and' operation ('and_ln1023') [173]  (0 ns)
	'and' operation ('and_ln1023_1') [174]  (0 ns)
	'or' operation ('or_ln1023') [175]  (0.287 ns)
	'or' operation ('or_ln1023_1') [177]  (0.287 ns)
	'select' operation ('select_ln1023') [178]  (0.424 ns)


============================================================
+ Verbose Summary: Binding
============================================================
N/A
* FSMD analyzer results:
  - Output states:
 - Input state : 
  - Chain level:
	State 1
	State 2
	State 3
	State 4
	State 5
	State 6


============================================================
+ Verbose Summary: Datapath Resource usage 
============================================================
N/A
